Archive member included to satisfy reference by file (symbol)

d:/gcc-arm-none-eabi/bin/../lib/gcc/arm-none-eabi/10.3.1/thumb/v7e-m+fp/hard\libgcc.a(_arm_muldf3.o)
                              CMakeFiles/h7-single-cmake_CM7.elf.dir/CM7/Core/Src/motor_control.c.obj (__aeabi_dmul)
d:/gcc-arm-none-eabi/bin/../lib/gcc/arm-none-eabi/10.3.1/thumb/v7e-m+fp/hard\libgcc.a(_arm_addsubdf3.o)
                              CMakeFiles/h7-single-cmake_CM7.elf.dir/CM7/Core/Src/motor_control.c.obj (__aeabi_dadd)
d:/gcc-arm-none-eabi/bin/../lib/gcc/arm-none-eabi/10.3.1/thumb/v7e-m+fp/hard\libgcc.a(_arm_muldivdf3.o)
                              CMakeFiles/h7-single-cmake_CM7.elf.dir/CM7/Core/Src/motor_control.c.obj (__aeabi_ddiv)
d:/gcc-arm-none-eabi/bin/../lib/gcc/arm-none-eabi/10.3.1/thumb/v7e-m+fp/hard\libgcc.a(_arm_truncdfsf2.o)
                              CMakeFiles/h7-single-cmake_CM7.elf.dir/CM7/Core/Src/motor_control.c.obj (__aeabi_d2f)
d:/gcc-arm-none-eabi/bin/../lib/gcc/arm-none-eabi/10.3.1/thumb/v7e-m+fp/hard\libgcc.a(_aeabi_uldivmod.o)
                              CMakeFiles/h7-single-cmake_CM7.elf.dir/Drivers/STM32H7xx_HAL_Driver/Src/stm32h7xx_hal_uart.c.obj (__aeabi_uldivmod)
d:/gcc-arm-none-eabi/bin/../lib/gcc/arm-none-eabi/10.3.1/thumb/v7e-m+fp/hard\libgcc.a(_udivmoddi4.o)
                              d:/gcc-arm-none-eabi/bin/../lib/gcc/arm-none-eabi/10.3.1/thumb/v7e-m+fp/hard\libgcc.a(_aeabi_uldivmod.o) (__udivmoddi4)
d:/gcc-arm-none-eabi/bin/../lib/gcc/arm-none-eabi/10.3.1/thumb/v7e-m+fp/hard\libgcc.a(_dvmd_tls.o)
                              d:/gcc-arm-none-eabi/bin/../lib/gcc/arm-none-eabi/10.3.1/thumb/v7e-m+fp/hard\libgcc.a(_aeabi_uldivmod.o) (__aeabi_ldiv0)
d:/gcc-arm-none-eabi/bin/../lib/gcc/arm-none-eabi/10.3.1/../../../../arm-none-eabi/lib/thumb/v7e-m+fp/hard\libc.a(lib_a-errno.o)
                              CMakeFiles/h7-single-cmake_CM7.elf.dir/CM7/Core/Src/syscalls.c.obj (__errno)
d:/gcc-arm-none-eabi/bin/../lib/gcc/arm-none-eabi/10.3.1/../../../../arm-none-eabi/lib/thumb/v7e-m+fp/hard\libc.a(lib_a-exit.o)
                              d:/gcc-arm-none-eabi/bin/../lib/gcc/arm-none-eabi/10.3.1/../../../../arm-none-eabi/lib/thumb/v7e-m+fp/hard/crt0.o (exit)
d:/gcc-arm-none-eabi/bin/../lib/gcc/arm-none-eabi/10.3.1/../../../../arm-none-eabi/lib/thumb/v7e-m+fp/hard\libc.a(lib_a-impure.o)
                              d:/gcc-arm-none-eabi/bin/../lib/gcc/arm-none-eabi/10.3.1/../../../../arm-none-eabi/lib/thumb/v7e-m+fp/hard\libc.a(lib_a-exit.o) (_global_impure_ptr)
d:/gcc-arm-none-eabi/bin/../lib/gcc/arm-none-eabi/10.3.1/../../../../arm-none-eabi/lib/thumb/v7e-m+fp/hard\libc.a(lib_a-init.o)
                              d:/gcc-arm-none-eabi/bin/../lib/gcc/arm-none-eabi/10.3.1/../../../../arm-none-eabi/lib/thumb/v7e-m+fp/hard/crt0.o (__libc_init_array)
d:/gcc-arm-none-eabi/bin/../lib/gcc/arm-none-eabi/10.3.1/../../../../arm-none-eabi/lib/thumb/v7e-m+fp/hard\libc.a(lib_a-memcpy.o)
                              CMakeFiles/h7-single-cmake_CM7.elf.dir/Drivers/STM32H7xx_HAL_Driver/Src/stm32h7xx_hal_fdcan.c.obj (memcpy)
d:/gcc-arm-none-eabi/bin/../lib/gcc/arm-none-eabi/10.3.1/../../../../arm-none-eabi/lib/thumb/v7e-m+fp/hard\libc.a(lib_a-memset.o)
                              d:/gcc-arm-none-eabi/bin/../lib/gcc/arm-none-eabi/10.3.1/../../../../arm-none-eabi/lib/thumb/v7e-m+fp/hard/crt0.o (memset)
d:/gcc-arm-none-eabi/bin/../lib/gcc/arm-none-eabi/10.3.1/../../../../arm-none-eabi/lib/thumb/v7e-m+fp/hard\libc.a(lib_a-__call_atexit.o)
                              d:/gcc-arm-none-eabi/bin/../lib/gcc/arm-none-eabi/10.3.1/../../../../arm-none-eabi/lib/thumb/v7e-m+fp/hard\libc.a(lib_a-exit.o) (__call_exitprocs)
d:/gcc-arm-none-eabi/bin/../lib/gcc/arm-none-eabi/10.3.1/../../../../arm-none-eabi/lib/thumb/v7e-m+fp/hard\libc.a(lib_a-atexit.o)
                              d:/gcc-arm-none-eabi/bin/../lib/gcc/arm-none-eabi/10.3.1/../../../../arm-none-eabi/lib/thumb/v7e-m+fp/hard\libc.a(lib_a-__call_atexit.o) (atexit)
d:/gcc-arm-none-eabi/bin/../lib/gcc/arm-none-eabi/10.3.1/../../../../arm-none-eabi/lib/thumb/v7e-m+fp/hard\libc.a(lib_a-fini.o)
                              d:/gcc-arm-none-eabi/bin/../lib/gcc/arm-none-eabi/10.3.1/../../../../arm-none-eabi/lib/thumb/v7e-m+fp/hard\libc.a(lib_a-__call_atexit.o) (__libc_fini_array)
d:/gcc-arm-none-eabi/bin/../lib/gcc/arm-none-eabi/10.3.1/../../../../arm-none-eabi/lib/thumb/v7e-m+fp/hard\libc.a(lib_a-lock.o)
                              d:/gcc-arm-none-eabi/bin/../lib/gcc/arm-none-eabi/10.3.1/../../../../arm-none-eabi/lib/thumb/v7e-m+fp/hard\libc.a(lib_a-__call_atexit.o) (__retarget_lock_acquire_recursive)
d:/gcc-arm-none-eabi/bin/../lib/gcc/arm-none-eabi/10.3.1/../../../../arm-none-eabi/lib/thumb/v7e-m+fp/hard\libc.a(lib_a-__atexit.o)
                              d:/gcc-arm-none-eabi/bin/../lib/gcc/arm-none-eabi/10.3.1/../../../../arm-none-eabi/lib/thumb/v7e-m+fp/hard\libc.a(lib_a-atexit.o) (__register_exitproc)
[...]
Memory Configuration

Name             Origin             Length             Attributes
RAM_D1           0x24000000         0x00080000         xrw
FLASH            0x08000000         0x00100000         xr
DTCMRAM          0x20000000         0x00020000         xrw
RAM_D2           0x30000000         0x00048000         xrw
RAM_D3           0x38000000         0x00010000         xrw
ITCMRAM          0x00000000         0x00010000         xrw
*default*        0x00000000         0xffffffff

Linker script and memory map

LOAD d:/gcc-arm-none-eabi/bin/../lib/gcc/arm-none-eabi/10.3.1/thumb/v7e-m+fp/hard/crti.o
LOAD d:/gcc-arm-none-eabi/bin/../lib/gcc/arm-none-eabi/10.3.1/thumb/v7e-m+fp/hard/crtbegin.o
LOAD d:/gcc-arm-none-eabi/bin/../lib/gcc/arm-none-eabi/10.3.1/../../../../arm-none-eabi/lib/thumb/v7e-m+fp/hard/crt0.o
LOAD CMakeFiles/h7-single-cmake_CM7.elf.dir/CM7/Core/Src/fdcan.c.obj
LOAD CMakeFiles/h7-single-cmake_CM7.elf.dir/CM7/Core/Src/gpio.c.obj
LOAD CMakeFiles/h7-single-cmake_CM7.elf.dir/CM7/Core/Src/main.c.obj
LOAD CMakeFiles/h7-single-cmake_CM7.elf.dir/CM7/Core/Src/motor.c.obj
LOAD CMakeFiles/h7-single-cmake_CM7.elf.dir/CM7/Core/Src/motor_control.c.obj
LOAD CMakeFiles/h7-single-cmake_CM7.elf.dir/CM7/Core/Src/pid.c.obj
LOAD CMakeFiles/h7-single-cmake_CM7.elf.dir/CM7/Core/Src/printf_on_vofa_float.c.obj
LOAD CMakeFiles/h7-single-cmake_CM7.elf.dir/CM7/Core/Src/stm32h7xx_hal_msp.c.obj
LOAD CMakeFiles/h7-single-cmake_CM7.elf.dir/CM7/Core/Src/stm32h7xx_it.c.obj
LOAD CMakeFiles/h7-single-cmake_CM7.elf.dir/CM7/Core/Src/syscalls.c.obj
LOAD CMakeFiles/h7-single-cmake_CM7.elf.dir/CM7/Core/Src/sysmem.c.obj
LOAD CMakeFiles/h7-single-cmake_CM7.elf.dir/CM7/Core/Src/tim.c.obj
LOAD CMakeFiles/h7-single-cmake_CM7.elf.dir/CM7/Core/Src/usart.c.obj
LOAD CMakeFiles/h7-single-cmake_CM7.elf.dir/CM7/Core/Startup/startup_stm32h755bitx.s.obj
LOAD CMakeFiles/h7-single-cmake_CM7.elf.dir/Common/Src/system_stm32h7xx_dualcore_boot_cm4_cm7.c.obj
LOAD CMakeFiles/h7-single-cmake_CM7.elf.dir/Drivers/STM32H7xx_HAL_Driver/Src/stm32h7xx_hal_cortex.c.obj
LOAD CMakeFiles/h7-single-cmake_CM7.elf.dir/Drivers/STM32H7xx_HAL_Driver/Src/stm32h7xx_hal_rcc.c.obj
LOAD CMakeFiles/h7-single-cmake_CM7.elf.dir/Drivers/STM32H7xx_HAL_Driver/Src/stm32h7xx_hal_rcc_ex.c.obj
LOAD CMakeFiles/h7-single-cmake_CM7.elf.dir/Drivers/STM32H7xx_HAL_Driver/Src/stm32h7xx_hal_flash.c.obj
LOAD CMakeFiles/h7-single-cmake_CM7.elf.dir/Drivers/STM32H7xx_HAL_Driver/Src/stm32h7xx_hal_flash_ex.c.obj
LOAD CMakeFiles/h7-single-cmake_CM7.elf.dir/Drivers/STM32H7xx_HAL_Driver/Src/stm32h7xx_hal_gpio.c.obj
LOAD CMakeFiles/h7-single-cmake_CM7.elf.dir/Drivers/STM32H7xx_HAL_Driver/Src/stm32h7xx_hal_hsem.c.obj
LOAD CMakeFiles/h7-single-cmake_CM7.elf.dir/Drivers/STM32H7xx_HAL_Driver/Src/stm32h7xx_hal_dma.c.obj
LOAD CMakeFiles/h7-single-cmake_CM7.elf.dir/Drivers/STM32H7xx_HAL_Driver/Src/stm32h7xx_hal_dma_ex.c.obj
LOAD CMakeFiles/h7-single-cmake_CM7.elf.dir/Drivers/STM32H7xx_HAL_Driver/Src/stm32h7xx_hal_mdma.c.obj
LOAD CMakeFiles/h7-single-cmake_CM7.elf.dir/Drivers/STM32H7xx_HAL_Driver/Src/stm32h7xx_hal_pwr.c.obj
LOAD CMakeFiles/h7-single-cmake_CM7.elf.dir/Drivers/STM32H7xx_HAL_Driver/Src/stm32h7xx_hal_pwr_ex.c.obj
LOAD CMakeFiles/h7-single-cmake_CM7.elf.dir/Drivers/STM32H7xx_HAL_Driver/Src/stm32h7xx_hal.c.obj
LOAD CMakeFiles/h7-single-cmake_CM7.elf.dir/Drivers/STM32H7xx_HAL_Driver/Src/stm32h7xx_hal_i2c.c.obj
LOAD CMakeFiles/h7-single-cmake_CM7.elf.dir/Drivers/STM32H7xx_HAL_Driver/Src/stm32h7xx_hal_i2c_ex.c.obj
LOAD CMakeFiles/h7-single-cmake_CM7.elf.dir/Drivers/STM32H7xx_HAL_Driver/Src/stm32h7xx_hal_exti.c.obj
LOAD CMakeFiles/h7-single-cmake_CM7.elf.dir/Drivers/STM32H7xx_HAL_Driver/Src/stm32h7xx_hal_fdcan.c.obj
LOAD CMakeFiles/h7-single-cmake_CM7.elf.dir/Drivers/STM32H7xx_HAL_Driver/Src/stm32h7xx_hal_tim.c.obj
LOAD CMakeFiles/h7-single-cmake_CM7.elf.dir/Drivers/STM32H7xx_HAL_Driver/Src/stm32h7xx_hal_tim_ex.c.obj
LOAD CMakeFiles/h7-single-cmake_CM7.elf.dir/Drivers/STM32H7xx_HAL_Driver/Src/stm32h7xx_hal_uart.c.obj
LOAD CMakeFiles/h7-single-cmake_CM7.elf.dir/Drivers/STM32H7xx_HAL_Driver/Src/stm32h7xx_hal_uart_ex.c.obj
START GROUP
LOAD d:/gcc-arm-none-eabi/bin/../lib/gcc/arm-none-eabi/10.3.1/thumb/v7e-m+fp/hard\libgcc.a
LOAD d:/gcc-arm-none-eabi/bin/../lib/gcc/arm-none-eabi/10.3.1/../../../../arm-none-eabi/lib/thumb/v7e-m+fp/hard\libc.a
END GROUP
LOAD d:/gcc-arm-none-eabi/bin/../lib/gcc/arm-none-eabi/10.3.1/thumb/v7e-m+fp/hard/crtend.o
LOAD d:/gcc-arm-none-eabi/bin/../lib/gcc/arm-none-eabi/10.3.1/thumb/v7e-m+fp/hard/crtn.o
                0x24080000                _estack = (ORIGIN (RAM_D1) + LENGTH (RAM_D1))
                0x00000200                _Min_Heap_Size = 0x200
                0x00000400                _Min_Stack_Size = 0x400

.isr_vector     0x08000000      0x298
                0x08000000                . = ALIGN (0x4)
 *(.isr_vector)
 .isr_vector    0x08000000      0x298 CMakeFiles/h7-single-cmake_CM7.elf.dir/CM7/Core/Startup/startup_stm32h755bitx.s.obj
                0x08000000                g_pfnVectors
                0x08000298                . = ALIGN (0x4)

.text           0x08000298     0x4cf0
                0x08000298                . = ALIGN (0x4)
 *(.text)
 .text          0x08000298       0x40 d:/gcc-arm-none-eabi/bin/../lib/gcc/arm-none-eabi/10.3.1/thumb/v7e-m+fp/hard/crtbegin.o
 .text          0x080002d8       0x30 d:/gcc-arm-none-eabi/bin/../lib/gcc/arm-none-eabi/10.3.1/thumb/v7e-m+fp/hard\libgcc.a(_aeabi_uldivmod.o)
                0x080002d8                __aeabi_uldivmod
 .text          0x08000308      0x2d0 d:/gcc-arm-none-eabi/bin/../lib/gcc/arm-none-eabi/10.3.1/thumb/v7e-m+fp/hard\libgcc.a(_udivmoddi4.o)
                0x08000308                __udivmoddi4
 .text          0x080005d8        0x4 d:/gcc-arm-none-eabi/bin/../lib/gcc/arm-none-eabi/10.3.1/thumb/v7e-m+fp/hard\libgcc.a(_dvmd_tls.o)
                0x080005d8                __aeabi_idiv0
                0x080005d8                __aeabi_ldiv0
 .text          0x080005dc      0x134 d:/gcc-arm-none-eabi/bin/../lib/gcc/arm-none-eabi/10.3.1/../../../../arm-none-eabi/lib/thumb/v7e-m+fp/hard\libc.a(lib_a-memcpy.o)
                0x080005dc                memcpy
 *(.text*)
 .text.MX_FDCAN1_Init
                0x08000710       0x64 CMakeFiles/h7-single-cmake_CM7.elf.dir/CM7/Core/Src/fdcan.c.obj
                0x08000710                MX_FDCAN1_Init
 .text.MX_FDCAN2_Init
                0x08000774       0x64 CMakeFiles/h7-single-cmake_CM7.elf.dir/CM7/Core/Src/fdcan.c.obj
                0x08000774                MX_FDCAN2_Init
 .text.HAL_FDCAN_MspInit
                0x080007d8      0x160 CMakeFiles/h7-single-cmake_CM7.elf.dir/CM7/Core/Src/fdcan.c.obj
                0x080007d8                HAL_FDCAN_MspInit
 .text.can_init
                0x08000938       0xc8 CMakeFiles/h7-single-cmake_CM7.elf.dir/CM7/Core/Src/fdcan.c.obj
                0x08000938                can_init
 .text.FDCAN1_Send_Msg
                0x08000a00       0x24 CMakeFiles/h7-single-cmake_CM7.elf.dir/CM7/Core/Src/fdcan.c.obj
                0x08000a00                FDCAN1_Send_Msg
 .text.HAL_FDCAN_RxFifo0Callback
                0x08000a24       0x60 CMakeFiles/h7-single-cmake_CM7.elf.dir/CM7/Core/Src/fdcan.c.obj
                0x08000a24                HAL_FDCAN_RxFifo0Callback
 .text.MX_GPIO_Init
                0x08000a84       0x54 CMakeFiles/h7-single-cmake_CM7.elf.dir/CM7/Core/Src/gpio.c.obj
                0x08000a84                MX_GPIO_Init
 .text.HAL_TIM_PeriodElapsedCallback
                0x08000ad8       0x1c CMakeFiles/h7-single-cmake_CM7.elf.dir/CM7/Core/Src/main.c.obj
                0x08000ad8                HAL_TIM_PeriodElapsedCallback
 .text.Error_Handler
                0x08000af4        0x4 CMakeFiles/h7-single-cmake_CM7.elf.dir/CM7/Core/Src/main.c.obj
                0x08000af4                Error_Handler
 .text.SystemClock_Config
                0x08000af8       0xc0 CMakeFiles/h7-single-cmake_CM7.elf.dir/CM7/Core/Src/main.c.obj
                0x08000af8                SystemClock_Config
 .text.main     0x08000bb8       0x94 CMakeFiles/h7-single-cmake_CM7.elf.dir/CM7/Core/Src/main.c.obj
                0x08000bb8                main
 .text.get_motor_measure
                0x08000c4c       0xb4 CMakeFiles/h7-single-cmake_CM7.elf.dir/CM7/Core/Src/motor.c.obj
                0x08000c4c                get_motor_measure
 .text.set_pid_param
                0x08000d00        0xe CMakeFiles/h7-single-cmake_CM7.elf.dir/CM7/Core/Src/motor_control.c.obj
                0x08000d00                set_pid_param
 *fill*         0x08000d0e        0x2 
 .text.motor_pid_init
                0x08000d10       0x44 CMakeFiles/h7-single-cmake_CM7.elf.dir/CM7/Core/Src/motor_control.c.obj
                0x08000d10                motor_pid_init
 .text.pid_param_init
                0x08000d54       0x14 CMakeFiles/h7-single-cmake_CM7.elf.dir/CM7/Core/Src/pid.c.obj
 .text.pid_reset
                0x08000d68        0xe CMakeFiles/h7-single-cmake_CM7.elf.dir/CM7/Core/Src/pid.c.obj
 *fill*         0x08000d76        0x2 
 .text.PID_struct_init
                0x08000d78       0x18 CMakeFiles/h7-single-cmake_CM7.elf.dir/CM7/Core/Src/pid.c.obj
                0x08000d78                PID_struct_init
 .text.HAL_MspInit
                0x08000d90       0x24 CMakeFiles/h7-single-cmake_CM7.elf.dir/CM7/Core/Src/stm32h7xx_hal_msp.c.obj
                0x08000d90                HAL_MspInit
 .text.NMI_Handler
                0x08000db4        0x2 CMakeFiles/h7-single-cmake_CM7.elf.dir/CM7/Core/Src/stm32h7xx_it.c.obj
                0x08000db4                NMI_Handler
 .text.HardFault_Handler
                0x08000db6        0x2 CMakeFiles/h7-single-cmake_CM7.elf.dir/CM7/Core/Src/stm32h7xx_it.c.obj
                0x08000db6                HardFault_Handler
 .text.MemManage_Handler
                0x08000db8        0x2 CMakeFiles/h7-single-cmake_CM7.elf.dir/CM7/Core/Src/stm32h7xx_it.c.obj
                0x08000db8                MemManage_Handler
 .text.BusFault_Handler
                0x08000dba        0x2 CMakeFiles/h7-single-cmake_CM7.elf.dir/CM7/Core/Src/stm32h7xx_it.c.obj
                0x08000dba                BusFault_Handler
 .text.UsageFault_Handler
                0x08000dbc        0x2 CMakeFiles/h7-single-cmake_CM7.elf.dir/CM7/Core/Src/stm32h7xx_it.c.obj
                0x08000dbc                UsageFault_Handler
 .text.SVC_Handler
                0x08000dbe        0x2 CMakeFiles/h7-single-cmake_CM7.elf.dir/CM7/Core/Src/stm32h7xx_it.c.obj
                0x08000dbe                SVC_Handler
 .text.DebugMon_Handler
                0x08000dc0        0x2 CMakeFiles/h7-single-cmake_CM7.elf.dir/CM7/Core/Src/stm32h7xx_it.c.obj
                0x08000dc0                DebugMon_Handler
 .text.PendSV_Handler
                0x08000dc2        0x2 CMakeFiles/h7-single-cmake_CM7.elf.dir/CM7/Core/Src/stm32h7xx_it.c.obj
                0x08000dc2                PendSV_Handler
 .text.SysTick_Handler
                0x08000dc4        0x8 CMakeFiles/h7-single-cmake_CM7.elf.dir/CM7/Core/Src/stm32h7xx_it.c.obj
                0x08000dc4                SysTick_Handler
 .text.FDCAN1_IT0_IRQHandler
                0x08000dcc       0x18 CMakeFiles/h7-single-cmake_CM7.elf.dir/CM7/Core/Src/stm32h7xx_it.c.obj
                0x08000dcc                FDCAN1_IT0_IRQHandler
 .text.FDCAN2_IT0_IRQHandler
                0x08000de4       0x10 CMakeFiles/h7-single-cmake_CM7.elf.dir/CM7/Core/Src/stm32h7xx_it.c.obj
                0x08000de4                FDCAN2_IT0_IRQHandler
 .text.TIM1_UP_IRQHandler
                0x08000df4       0x10 CMakeFiles/h7-single-cmake_CM7.elf.dir/CM7/Core/Src/stm32h7xx_it.c.obj
                0x08000df4                TIM1_UP_IRQHandler
 .text.MX_TIM1_Init
                0x08000e04       0x74 CMakeFiles/h7-single-cmake_CM7.elf.dir/CM7/Core/Src/tim.c.obj
                0x08000e04                MX_TIM1_Init
 .text.HAL_TIM_Base_MspInit
                0x08000e78       0x48 CMakeFiles/h7-single-cmake_CM7.elf.dir/CM7/Core/Src/tim.c.obj
                0x08000e78                HAL_TIM_Base_MspInit
 .text.MX_UART4_Init
                0x08000ec0       0x68 CMakeFiles/h7-single-cmake_CM7.elf.dir/CM7/Core/Src/usart.c.obj
                0x08000ec0                MX_UART4_Init
 .text.HAL_UART_MspInit
                0x08000f28       0x98 CMakeFiles/h7-single-cmake_CM7.elf.dir/CM7/Core/Src/usart.c.obj
                0x08000f28                HAL_UART_MspInit
 .text.Reset_Handler
                0x08000fc0       0x50 CMakeFiles/h7-single-cmake_CM7.elf.dir/CM7/Core/Startup/startup_stm32h755bitx.s.obj
                0x08000fc0                Reset_Handler
 .text.Default_Handler
                0x08001010        0x2 CMakeFiles/h7-single-cmake_CM7.elf.dir/CM7/Core/Startup/startup_stm32h755bitx.s.obj
                0x08001010                RTC_Alarm_IRQHandler
                0x08001010                HASH_RNG_IRQHandler
                0x08001010                EXTI2_IRQHandler
                0x08001010                TIM8_CC_IRQHandler
                0x08001010                HRTIM1_Master_IRQHandler
                0x08001010                UART8_IRQHandler
                0x08001010                SPI4_IRQHandler
                0x08001010                TIM1_CC_IRQHandler
                0x08001010                BDMA_Channel6_IRQHandler
                0x08001010                DMA2_Stream5_IRQHandler
                0x08001010                HRTIM1_FLT_IRQHandler
                0x08001010                JPEG_IRQHandler
                0x08001010                DMA1_Stream5_IRQHandler
                0x08001010                BDMA_Channel1_IRQHandler
                0x08001010                HRTIM1_TIMD_IRQHandler
                0x08001010                TAMP_STAMP_IRQHandler
                0x08001010                EXTI3_IRQHandler
                0x08001010                LPTIM4_IRQHandler
                0x08001010                TIM8_TRG_COM_TIM14_IRQHandler
                0x08001010                LPTIM2_IRQHandler
                0x08001010                DFSDM1_FLT1_IRQHandler
                0x08001010                DMAMUX2_OVR_IRQHandler
                0x08001010                TIM8_UP_TIM13_IRQHandler
                0x08001010                I2C3_ER_IRQHandler
                0x08001010                DFSDM1_FLT2_IRQHandler
                0x08001010                MDMA_IRQHandler
                0x08001010                LPTIM3_IRQHandler
                0x08001010                HSEM1_IRQHandler
                0x08001010                EXTI0_IRQHandler
                0x08001010                I2C2_EV_IRQHandler
                0x08001010                DMA1_Stream2_IRQHandler
                0x08001010                FPU_IRQHandler
                0x08001010                OTG_HS_WKUP_IRQHandler
                0x08001010                FDCAN1_IT1_IRQHandler
                0x08001010                LTDC_ER_IRQHandler
                0x08001010                DMA2_Stream2_IRQHandler
                0x08001010                HRTIM1_TIME_IRQHandler
                0x08001010                SPI1_IRQHandler
                0x08001010                TIM6_DAC_IRQHandler
                0x08001010                DCMI_IRQHandler
                0x08001010                HRTIM1_TIMC_IRQHandler
                0x08001010                DMA2_Stream3_IRQHandler
                0x08001010                SAI2_IRQHandler
                0x08001010                DFSDM1_FLT3_IRQHandler
                0x08001010                USART6_IRQHandler
                0x08001010                TIM17_IRQHandler
                0x08001010                USART3_IRQHandler
                0x08001010                BDMA_Channel7_IRQHandler
                0x08001010                CRYP_IRQHandler
                0x08001010                LPTIM5_IRQHandler
                0x08001010                UART5_IRQHandler
                0x08001010                ADC3_IRQHandler
                0x08001010                DMA2_Stream0_IRQHandler
                0x08001010                TIM4_IRQHandler
                0x08001010                BDMA_Channel2_IRQHandler
                0x08001010                QUADSPI_IRQHandler
                0x08001010                I2C1_EV_IRQHandler
                0x08001010                DMA1_Stream6_IRQHandler
                0x08001010                DMAMUX1_OVR_IRQHandler
                0x08001010                DMA1_Stream1_IRQHandler
                0x08001010                TIM16_IRQHandler
                0x08001010                UART4_IRQHandler
                0x08001010                BDMA_Channel5_IRQHandler
                0x08001010                TIM3_IRQHandler
                0x08001010                RCC_IRQHandler
                0x08001010                TIM8_BRK_TIM12_IRQHandler
                0x08001010                TIM1_TRG_COM_IRQHandler
                0x08001010                Default_Handler
                0x08001010                ECC_IRQHandler
                0x08001010                CEC_IRQHandler
                0x08001010                EXTI15_10_IRQHandler
                0x08001010                BDMA_Channel0_IRQHandler
                0x08001010                ADC_IRQHandler
                0x08001010                DMA1_Stream7_IRQHandler
                0x08001010                HRTIM1_TIMA_IRQHandler
                0x08001010                SPI5_IRQHandler
                0x08001010                TIM7_IRQHandler
                0x08001010                SDMMC1_IRQHandler
                0x08001010                TIM5_IRQHandler
                0x08001010                DMA2_Stream7_IRQHandler
                0x08001010                TIM15_IRQHandler
                0x08001010                PVD_AVD_IRQHandler
                0x08001010                I2C3_EV_IRQHandler
                0x08001010                EXTI9_5_IRQHandler
                0x08001010                RTC_WKUP_IRQHandler
                0x08001010                LTDC_IRQHandler
                0x08001010                SAI3_IRQHandler
                0x08001010                ETH_WKUP_IRQHandler
                0x08001010                SPDIF_RX_IRQHandler
                0x08001010                SPI2_IRQHandler
                0x08001010                OTG_HS_EP1_IN_IRQHandler
                0x08001010                DMA1_Stream0_IRQHandler
                0x08001010                CRS_IRQHandler
                0x08001010                CM7_SEV_IRQHandler
                0x08001010                EXTI4_IRQHandler
                0x08001010                CM4_SEV_IRQHandler
                0x08001010                HRTIM1_TIMB_IRQHandler
                0x08001010                FDCAN2_IT1_IRQHandler
                0x08001010                ETH_IRQHandler
                0x08001010                WWDG_RST_IRQHandler
                0x08001010                BDMA_Channel4_IRQHandler
                0x08001010                OTG_HS_EP1_OUT_IRQHandler
                0x08001010                WWDG_IRQHandler
                0x08001010                SPI6_IRQHandler
                0x08001010                MDIOS_IRQHandler
                0x08001010                I2C4_EV_IRQHandler
                0x08001010                LPUART1_IRQHandler
                0x08001010                TIM2_IRQHandler
                0x08001010                OTG_FS_WKUP_IRQHandler
                0x08001010                OTG_HS_IRQHandler
                0x08001010                HSEM2_IRQHandler
                0x08001010                DMA2D_IRQHandler
                0x08001010                TIM1_BRK_IRQHandler
                0x08001010                EXTI1_IRQHandler
                0x08001010                SDMMC2_IRQHandler
                0x08001010                OTG_FS_EP1_OUT_IRQHandler
                0x08001010                BDMA_Channel3_IRQHandler
                0x08001010                HOLD_CORE_IRQHandler
                0x08001010                UART7_IRQHandler
                0x08001010                MDIOS_WKUP_IRQHandler
                0x08001010                USART2_IRQHandler
                0x08001010                DFSDM1_FLT0_IRQHandler
                0x08001010                SAI4_IRQHandler
                0x08001010                I2C2_ER_IRQHandler
                0x08001010                DMA2_Stream1_IRQHandler
                0x08001010                FLASH_IRQHandler
                0x08001010                DMA2_Stream4_IRQHandler
                0x08001010                USART1_IRQHandler
                0x08001010                OTG_FS_IRQHandler
                0x08001010                SPI3_IRQHandler
                0x08001010                WAKEUP_PIN_IRQHandler
                0x08001010                DMA1_Stream4_IRQHandler
                0x08001010                OTG_FS_EP1_IN_IRQHandler
                0x08001010                I2C1_ER_IRQHandler
                0x08001010                FMC_IRQHandler
                0x08001010                FDCAN_CAL_IRQHandler
                0x08001010                SWPMI1_IRQHandler
                0x08001010                COMP1_IRQHandler
                0x08001010                LPTIM1_IRQHandler
                0x08001010                I2C4_ER_IRQHandler
                0x08001010                DMA2_Stream6_IRQHandler
                0x08001010                SAI1_IRQHandler
                0x08001010                DMA1_Stream3_IRQHandler
 *fill*         0x08001012        0x2 
 .text.SystemInit
                0x08001014       0xe4 CMakeFiles/h7-single-cmake_CM7.elf.dir/Common/Src/system_stm32h7xx_dualcore_boot_cm4_cm7.c.obj
                0x08001014                SystemInit
 .text.HAL_NVIC_SetPriorityGrouping
                0x080010f8       0x24 CMakeFiles/h7-single-cmake_CM7.elf.dir/Drivers/STM32H7xx_HAL_Driver/Src/stm32h7xx_hal_cortex.c.obj
                0x080010f8                HAL_NVIC_SetPriorityGrouping
 .text.HAL_NVIC_SetPriority
                0x0800111c       0x6c CMakeFiles/h7-single-cmake_CM7.elf.dir/Drivers/STM32H7xx_HAL_Driver/Src/stm32h7xx_hal_cortex.c.obj
                0x0800111c                HAL_NVIC_SetPriority
 .text.HAL_NVIC_EnableIRQ
                0x08001188       0x1c CMakeFiles/h7-single-cmake_CM7.elf.dir/Drivers/STM32H7xx_HAL_Driver/Src/stm32h7xx_hal_cortex.c.obj
                0x08001188                HAL_NVIC_EnableIRQ
 .text.HAL_SYSTICK_Config
                0x080011a4       0x28 CMakeFiles/h7-single-cmake_CM7.elf.dir/Drivers/STM32H7xx_HAL_Driver/Src/stm32h7xx_hal_cortex.c.obj
                0x080011a4                HAL_SYSTICK_Config
 .text.HAL_RCC_OscConfig
                0x080011cc      0x6b4 CMakeFiles/h7-single-cmake_CM7.elf.dir/Drivers/STM32H7xx_HAL_Driver/Src/stm32h7xx_hal_rcc.c.obj
                0x080011cc                HAL_RCC_OscConfig
 .text.HAL_RCC_GetSysClockFreq
                0x08001880      0x1f4 CMakeFiles/h7-single-cmake_CM7.elf.dir/Drivers/STM32H7xx_HAL_Driver/Src/stm32h7xx_hal_rcc.c.obj
                0x08001880                HAL_RCC_GetSysClockFreq
 .text.HAL_RCC_ClockConfig
                0x08001a74      0x294 CMakeFiles/h7-single-cmake_CM7.elf.dir/Drivers/STM32H7xx_HAL_Driver/Src/stm32h7xx_hal_rcc.c.obj
                0x08001a74                HAL_RCC_ClockConfig
 .text.HAL_RCC_GetHCLKFreq
                0x08001d08       0x44 CMakeFiles/h7-single-cmake_CM7.elf.dir/Drivers/STM32H7xx_HAL_Driver/Src/stm32h7xx_hal_rcc.c.obj
                0x08001d08                HAL_RCC_GetHCLKFreq
 .text.HAL_RCC_GetPCLK1Freq
                0x08001d4c       0x24 CMakeFiles/h7-single-cmake_CM7.elf.dir/Drivers/STM32H7xx_HAL_Driver/Src/stm32h7xx_hal_rcc.c.obj
                0x08001d4c                HAL_RCC_GetPCLK1Freq
 .text.HAL_RCC_GetPCLK2Freq
                0x08001d70       0x24 CMakeFiles/h7-single-cmake_CM7.elf.dir/Drivers/STM32H7xx_HAL_Driver/Src/stm32h7xx_hal_rcc.c.obj
                0x08001d70                HAL_RCC_GetPCLK2Freq
 .text.RCCEx_PLL2_Config
                0x08001d94      0x10c CMakeFiles/h7-single-cmake_CM7.elf.dir/Drivers/STM32H7xx_HAL_Driver/Src/stm32h7xx_hal_rcc_ex.c.obj
 .text.RCCEx_PLL3_Config
                0x08001ea0      0x10c CMakeFiles/h7-single-cmake_CM7.elf.dir/Drivers/STM32H7xx_HAL_Driver/Src/stm32h7xx_hal_rcc_ex.c.obj
 .text.HAL_RCCEx_PeriphCLKConfig
                0x08001fac      0xa8c CMakeFiles/h7-single-cmake_CM7.elf.dir/Drivers/STM32H7xx_HAL_Driver/Src/stm32h7xx_hal_rcc_ex.c.obj
                0x08001fac                HAL_RCCEx_PeriphCLKConfig
 .text.HAL_RCCEx_GetD3PCLK1Freq
                0x08002a38       0x24 CMakeFiles/h7-single-cmake_CM7.elf.dir/Drivers/STM32H7xx_HAL_Driver/Src/stm32h7xx_hal_rcc_ex.c.obj
                0x08002a38                HAL_RCCEx_GetD3PCLK1Freq
 .text.HAL_RCCEx_GetPLL2ClockFreq
                0x08002a5c      0x1f8 CMakeFiles/h7-single-cmake_CM7.elf.dir/Drivers/STM32H7xx_HAL_Driver/Src/stm32h7xx_hal_rcc_ex.c.obj
                0x08002a5c                HAL_RCCEx_GetPLL2ClockFreq
 .text.HAL_RCCEx_GetPLL3ClockFreq
                0x08002c54      0x1f8 CMakeFiles/h7-single-cmake_CM7.elf.dir/Drivers/STM32H7xx_HAL_Driver/Src/stm32h7xx_hal_rcc_ex.c.obj
                0x08002c54                HAL_RCCEx_GetPLL3ClockFreq
 .text.HAL_GPIO_Init
                0x08002e4c      0x220 CMakeFiles/h7-single-cmake_CM7.elf.dir/Drivers/STM32H7xx_HAL_Driver/Src/stm32h7xx_hal_gpio.c.obj
                0x08002e4c                HAL_GPIO_Init
 .text.HAL_PWREx_ConfigSupply
                0x0800306c       0x94 CMakeFiles/h7-single-cmake_CM7.elf.dir/Drivers/STM32H7xx_HAL_Driver/Src/stm32h7xx_hal_pwr_ex.c.obj
                0x0800306c                HAL_PWREx_ConfigSupply
 .text.HAL_InitTick
                0x08003100       0x50 CMakeFiles/h7-single-cmake_CM7.elf.dir/Drivers/STM32H7xx_HAL_Driver/Src/stm32h7xx_hal.c.obj
                0x08003100                HAL_InitTick
 .text.HAL_Init
                0x08003150       0x5c CMakeFiles/h7-single-cmake_CM7.elf.dir/Drivers/STM32H7xx_HAL_Driver/Src/stm32h7xx_hal.c.obj
                0x08003150                HAL_Init
 .text.HAL_IncTick
                0x080031ac       0x18 CMakeFiles/h7-single-cmake_CM7.elf.dir/Drivers/STM32H7xx_HAL_Driver/Src/stm32h7xx_hal.c.obj
                0x080031ac                HAL_IncTick
 .text.HAL_GetTick
                0x080031c4        0xc CMakeFiles/h7-single-cmake_CM7.elf.dir/Drivers/STM32H7xx_HAL_Driver/Src/stm32h7xx_hal.c.obj
                0x080031c4                HAL_GetTick
 .text.HAL_GetREVID
                0x080031d0        0xc CMakeFiles/h7-single-cmake_CM7.elf.dir/Drivers/STM32H7xx_HAL_Driver/Src/stm32h7xx_hal.c.obj
                0x080031d0                HAL_GetREVID
 .text.FDCAN_CalcultateRamBlockAddresses
                0x080031dc      0x1d4 CMakeFiles/h7-single-cmake_CM7.elf.dir/Drivers/STM32H7xx_HAL_Driver/Src/stm32h7xx_hal_fdcan.c.obj
 .text.FDCAN_CopyMessageToRAM
                0x080033b0       0x88 CMakeFiles/h7-single-cmake_CM7.elf.dir/Drivers/STM32H7xx_HAL_Driver/Src/stm32h7xx_hal_fdcan.c.obj
 .text.HAL_FDCAN_Init
                0x08003438      0x294 CMakeFiles/h7-single-cmake_CM7.elf.dir/Drivers/STM32H7xx_HAL_Driver/Src/stm32h7xx_hal_fdcan.c.obj
                0x08003438                HAL_FDCAN_Init
 .text.HAL_FDCAN_ConfigFilter
                0x080036cc       0x88 CMakeFiles/h7-single-cmake_CM7.elf.dir/Drivers/STM32H7xx_HAL_Driver/Src/stm32h7xx_hal_fdcan.c.obj
                0x080036cc                HAL_FDCAN_ConfigFilter
 .text.HAL_FDCAN_Start
                0x08003754       0x34 CMakeFiles/h7-single-cmake_CM7.elf.dir/Drivers/STM32H7xx_HAL_Driver/Src/stm32h7xx_hal_fdcan.c.obj
                0x08003754                HAL_FDCAN_Start
 .text.HAL_FDCAN_AddMessageToTxFifoQ
                0x08003788       0x76 CMakeFiles/h7-single-cmake_CM7.elf.dir/Drivers/STM32H7xx_HAL_Driver/Src/stm32h7xx_hal_fdcan.c.obj
                0x08003788                HAL_FDCAN_AddMessageToTxFifoQ
 *fill*         0x080037fe        0x2 
 .text.HAL_FDCAN_GetRxMessage
                0x08003800      0x1e0 CMakeFiles/h7-single-cmake_CM7.elf.dir/Drivers/STM32H7xx_HAL_Driver/Src/stm32h7xx_hal_fdcan.c.obj
                0x08003800                HAL_FDCAN_GetRxMessage
 .text.HAL_FDCAN_ActivateNotification
                0x080039e0       0x90 CMakeFiles/h7-single-cmake_CM7.elf.dir/Drivers/STM32H7xx_HAL_Driver/Src/stm32h7xx_hal_fdcan.c.obj
                0x080039e0                HAL_FDCAN_ActivateNotification
 .text.HAL_FDCAN_ClockCalibrationCallback
                0x08003a70        0x2 CMakeFiles/h7-single-cmake_CM7.elf.dir/Drivers/STM32H7xx_HAL_Driver/Src/stm32h7xx_hal_fdcan.c.obj
                0x08003a70                HAL_FDCAN_ClockCalibrationCallback
 .text.HAL_FDCAN_TxEventFifoCallback
                0x08003a72        0x2 CMakeFiles/h7-single-cmake_CM7.elf.dir/Drivers/STM32H7xx_HAL_Driver/Src/stm32h7xx_hal_fdcan.c.obj
                0x08003a72                HAL_FDCAN_TxEventFifoCallback
 .text.HAL_FDCAN_RxFifo1Callback
                0x08003a74        0x2 CMakeFiles/h7-single-cmake_CM7.elf.dir/Drivers/STM32H7xx_HAL_Driver/Src/stm32h7xx_hal_fdcan.c.obj
                0x08003a74                HAL_FDCAN_RxFifo1Callback
 .text.HAL_FDCAN_TxFifoEmptyCallback
                0x08003a76        0x2 CMakeFiles/h7-single-cmake_CM7.elf.dir/Drivers/STM32H7xx_HAL_Driver/Src/stm32h7xx_hal_fdcan.c.obj
                0x08003a76                HAL_FDCAN_TxFifoEmptyCallback
 .text.HAL_FDCAN_TxBufferCompleteCallback
                0x08003a78        0x2 CMakeFiles/h7-single-cmake_CM7.elf.dir/Drivers/STM32H7xx_HAL_Driver/Src/stm32h7xx_hal_fdcan.c.obj
                0x08003a78                HAL_FDCAN_TxBufferCompleteCallback
 .text.HAL_FDCAN_TxBufferAbortCallback
                0x08003a7a        0x2 CMakeFiles/h7-single-cmake_CM7.elf.dir/Drivers/STM32H7xx_HAL_Driver/Src/stm32h7xx_hal_fdcan.c.obj
                0x08003a7a                HAL_FDCAN_TxBufferAbortCallback
 .text.HAL_FDCAN_RxBufferNewMessageCallback
                0x08003a7c        0x2 CMakeFiles/h7-single-cmake_CM7.elf.dir/Drivers/STM32H7xx_HAL_Driver/Src/stm32h7xx_hal_fdcan.c.obj
                0x08003a7c                HAL_FDCAN_RxBufferNewMessageCallback
 .text.HAL_FDCAN_TimestampWraparoundCallback
                0x08003a7e        0x2 CMakeFiles/h7-single-cmake_CM7.elf.dir/Drivers/STM32H7xx_HAL_Driver/Src/stm32h7xx_hal_fdcan.c.obj
                0x08003a7e                HAL_FDCAN_TimestampWraparoundCallback
 .text.HAL_FDCAN_TimeoutOccurredCallback
                0x08003a80        0x2 CMakeFiles/h7-single-cmake_CM7.elf.dir/Drivers/STM32H7xx_HAL_Driver/Src/stm32h7xx_hal_fdcan.c.obj
                0x08003a80                HAL_FDCAN_TimeoutOccurredCallback
 .text.HAL_FDCAN_HighPriorityMessageCallback
                0x08003a82        0x2 CMakeFiles/h7-single-cmake_CM7.elf.dir/Drivers/STM32H7xx_HAL_Driver/Src/stm32h7xx_hal_fdcan.c.obj
                0x08003a82                HAL_FDCAN_HighPriorityMessageCallback
 .text.HAL_FDCAN_ErrorCallback
                0x08003a84        0x2 CMakeFiles/h7-single-cmake_CM7.elf.dir/Drivers/STM32H7xx_HAL_Driver/Src/stm32h7xx_hal_fdcan.c.obj
                0x08003a84                HAL_FDCAN_ErrorCallback
 .text.HAL_FDCAN_ErrorStatusCallback
                0x08003a86        0x2 CMakeFiles/h7-single-cmake_CM7.elf.dir/Drivers/STM32H7xx_HAL_Driver/Src/stm32h7xx_hal_fdcan.c.obj
                0x08003a86                HAL_FDCAN_ErrorStatusCallback
 .text.HAL_FDCAN_TT_ScheduleSyncCallback
                0x08003a88        0x2 CMakeFiles/h7-single-cmake_CM7.elf.dir/Drivers/STM32H7xx_HAL_Driver/Src/stm32h7xx_hal_fdcan.c.obj
                0x08003a88                HAL_FDCAN_TT_ScheduleSyncCallback
 .text.HAL_FDCAN_TT_TimeMarkCallback
                0x08003a8a        0x2 CMakeFiles/h7-single-cmake_CM7.elf.dir/Drivers/STM32H7xx_HAL_Driver/Src/stm32h7xx_hal_fdcan.c.obj
                0x08003a8a                HAL_FDCAN_TT_TimeMarkCallback
 .text.HAL_FDCAN_TT_StopWatchCallback
                0x08003a8c        0x2 CMakeFiles/h7-single-cmake_CM7.elf.dir/Drivers/STM32H7xx_HAL_Driver/Src/stm32h7xx_hal_fdcan.c.obj
                0x08003a8c                HAL_FDCAN_TT_StopWatchCallback
 .text.HAL_FDCAN_TT_GlobalTimeCallback
                0x08003a8e        0x2 CMakeFiles/h7-single-cmake_CM7.elf.dir/Drivers/STM32H7xx_HAL_Driver/Src/stm32h7xx_hal_fdcan.c.obj
                0x08003a8e                HAL_FDCAN_TT_GlobalTimeCallback
 .text.HAL_FDCAN_IRQHandler
                0x08003a90      0x31c CMakeFiles/h7-single-cmake_CM7.elf.dir/Drivers/STM32H7xx_HAL_Driver/Src/stm32h7xx_hal_fdcan.c.obj
                0x08003a90                HAL_FDCAN_IRQHandler
 .text.TIM_TI1_ConfigInputStage
                0x08003dac       0x26 CMakeFiles/h7-single-cmake_CM7.elf.dir/Drivers/STM32H7xx_HAL_Driver/Src/stm32h7xx_hal_tim.c.obj
 .text.TIM_TI2_ConfigInputStage
                0x08003dd2       0x28 CMakeFiles/h7-single-cmake_CM7.elf.dir/Drivers/STM32H7xx_HAL_Driver/Src/stm32h7xx_hal_tim.c.obj
 *fill*         0x08003dfa        0x2 
 .text.TIM_ITRx_SetConfig
                0x08003dfc       0x14 CMakeFiles/h7-single-cmake_CM7.elf.dir/Drivers/STM32H7xx_HAL_Driver/Src/stm32h7xx_hal_tim.c.obj
 .text.HAL_TIM_Base_Start_IT
                0x08003e10       0x90 CMakeFiles/h7-single-cmake_CM7.elf.dir/Drivers/STM32H7xx_HAL_Driver/Src/stm32h7xx_hal_tim.c.obj
                0x08003e10                HAL_TIM_Base_Start_IT
 .text.HAL_TIM_OC_DelayElapsedCallback
                0x08003ea0        0x2 CMakeFiles/h7-single-cmake_CM7.elf.dir/Drivers/STM32H7xx_HAL_Driver/Src/stm32h7xx_hal_tim.c.obj
                0x08003ea0                HAL_TIM_OC_DelayElapsedCallback
 .text.HAL_TIM_IC_CaptureCallback
                0x08003ea2        0x2 CMakeFiles/h7-single-cmake_CM7.elf.dir/Drivers/STM32H7xx_HAL_Driver/Src/stm32h7xx_hal_tim.c.obj
                0x08003ea2                HAL_TIM_IC_CaptureCallback
 .text.HAL_TIM_PWM_PulseFinishedCallback
                0x08003ea4        0x2 CMakeFiles/h7-single-cmake_CM7.elf.dir/Drivers/STM32H7xx_HAL_Driver/Src/stm32h7xx_hal_tim.c.obj
                0x08003ea4                HAL_TIM_PWM_PulseFinishedCallback
 .text.HAL_TIM_TriggerCallback
                0x08003ea6        0x2 CMakeFiles/h7-single-cmake_CM7.elf.dir/Drivers/STM32H7xx_HAL_Driver/Src/stm32h7xx_hal_tim.c.obj
                0x08003ea6                HAL_TIM_TriggerCallback
 .text.HAL_TIM_IRQHandler
                0x08003ea8      0x19a CMakeFiles/h7-single-cmake_CM7.elf.dir/Drivers/STM32H7xx_HAL_Driver/Src/stm32h7xx_hal_tim.c.obj
                0x08003ea8                HAL_TIM_IRQHandler
 *fill*         0x08004042        0x2 
 .text.TIM_Base_SetConfig
                0x08004044      0x104 CMakeFiles/h7-single-cmake_CM7.elf.dir/Drivers/STM32H7xx_HAL_Driver/Src/stm32h7xx_hal_tim.c.obj
                0x08004044                TIM_Base_SetConfig
 .text.HAL_TIM_Base_Init
                0x08004148       0x60 CMakeFiles/h7-single-cmake_CM7.elf.dir/Drivers/STM32H7xx_HAL_Driver/Src/stm32h7xx_hal_tim.c.obj
                0x08004148                HAL_TIM_Base_Init
 .text.TIM_ETR_SetConfig
                0x080041a8       0x1a CMakeFiles/h7-single-cmake_CM7.elf.dir/Drivers/STM32H7xx_HAL_Driver/Src/stm32h7xx_hal_tim.c.obj
                0x080041a8                TIM_ETR_SetConfig
 *fill*         0x080041c2        0x2 
 .text.HAL_TIM_ConfigClockSource
                0x080041c4      0x138 CMakeFiles/h7-single-cmake_CM7.elf.dir/Drivers/STM32H7xx_HAL_Driver/Src/stm32h7xx_hal_tim.c.obj
                0x080041c4                HAL_TIM_ConfigClockSource
 .text.HAL_TIMEx_MasterConfigSynchronization
                0x080042fc       0xa0 CMakeFiles/h7-single-cmake_CM7.elf.dir/Drivers/STM32H7xx_HAL_Driver/Src/stm32h7xx_hal_tim_ex.c.obj
                0x080042fc                HAL_TIMEx_MasterConfigSynchronization
 .text.HAL_TIMEx_CommutCallback
                0x0800439c        0x2 CMakeFiles/h7-single-cmake_CM7.elf.dir/Drivers/STM32H7xx_HAL_Driver/Src/stm32h7xx_hal_tim_ex.c.obj
                0x0800439c                HAL_TIMEx_CommutCallback
 .text.HAL_TIMEx_BreakCallback
                0x0800439e        0x2 CMakeFiles/h7-single-cmake_CM7.elf.dir/Drivers/STM32H7xx_HAL_Driver/Src/stm32h7xx_hal_tim_ex.c.obj
                0x0800439e                HAL_TIMEx_BreakCallback
 .text.HAL_TIMEx_Break2Callback
                0x080043a0        0x2 CMakeFiles/h7-single-cmake_CM7.elf.dir/Drivers/STM32H7xx_HAL_Driver/Src/stm32h7xx_hal_tim_ex.c.obj
                0x080043a0                HAL_TIMEx_Break2Callback
 *fill*         0x080043a2        0x2 
 .text.UART_EndRxTransfer
                0x080043a4       0x58 CMakeFiles/h7-single-cmake_CM7.elf.dir/Drivers/STM32H7xx_HAL_Driver/Src/stm32h7xx_hal_uart.c.obj
 .text.UART_SetConfig
                0x080043fc      0x5f4 CMakeFiles/h7-single-cmake_CM7.elf.dir/Drivers/STM32H7xx_HAL_Driver/Src/stm32h7xx_hal_uart.c.obj
                0x080043fc                UART_SetConfig
 .text.UART_AdvFeatureConfig
                0x080049f0       0xca CMakeFiles/h7-single-cmake_CM7.elf.dir/Drivers/STM32H7xx_HAL_Driver/Src/stm32h7xx_hal_uart.c.obj
                0x080049f0                UART_AdvFeatureConfig
 .text.UART_WaitOnFlagUntilTimeout
                0x08004aba       0x9a CMakeFiles/h7-single-cmake_CM7.elf.dir/Drivers/STM32H7xx_HAL_Driver/Src/stm32h7xx_hal_uart.c.obj
                0x08004aba                UART_WaitOnFlagUntilTimeout
 .text.UART_CheckIdleState
                0x08004b54       0xca CMakeFiles/h7-single-cmake_CM7.elf.dir/Drivers/STM32H7xx_HAL_Driver/Src/stm32h7xx_hal_uart.c.obj
                0x08004b54                UART_CheckIdleState
 .text.HAL_UART_Init
                0x08004c1e       0x66 CMakeFiles/h7-single-cmake_CM7.elf.dir/Drivers/STM32H7xx_HAL_Driver/Src/stm32h7xx_hal_uart.c.obj
                0x08004c1e                HAL_UART_Init
 .text.UARTEx_SetNbDataToProcess
                0x08004c84       0x4c CMakeFiles/h7-single-cmake_CM7.elf.dir/Drivers/STM32H7xx_HAL_Driver/Src/stm32h7xx_hal_uart_ex.c.obj
 .text.HAL_UARTEx_DisableFifoMode
                0x08004cd0       0x3e CMakeFiles/h7-single-cmake_CM7.elf.dir/Drivers/STM32H7xx_HAL_Driver/Src/stm32h7xx_hal_uart_ex.c.obj
                0x08004cd0                HAL_UARTEx_DisableFifoMode
 .text.HAL_UARTEx_SetTxFifoThreshold
                0x08004d0e       0x4a CMakeFiles/h7-single-cmake_CM7.elf.dir/Drivers/STM32H7xx_HAL_Driver/Src/stm32h7xx_hal_uart_ex.c.obj
                0x08004d0e                HAL_UARTEx_SetTxFifoThreshold
 .text.HAL_UARTEx_SetRxFifoThreshold
                0x08004d58       0x4a CMakeFiles/h7-single-cmake_CM7.elf.dir/Drivers/STM32H7xx_HAL_Driver/Src/stm32h7xx_hal_uart_ex.c.obj
                0x08004d58                HAL_UARTEx_SetRxFifoThreshold
 *fill*         0x08004da2        0x2 
 .text.__libc_init_array
                0x08004da4       0x48 d:/gcc-arm-none-eabi/bin/../lib/gcc/arm-none-eabi/10.3.1/../../../../arm-none-eabi/lib/thumb/v7e-m+fp/hard\libc.a(lib_a-init.o)
                0x08004da4                __libc_init_array
 .text.memset   0x08004dec       0xa4 d:/gcc-arm-none-eabi/bin/../lib/gcc/arm-none-eabi/10.3.1/../../../../arm-none-eabi/lib/thumb/v7e-m+fp/hard\libc.a(lib_a-memset.o)
                0x08004dec                memset
 .text.startup.register_fini
                0x08004e90       0x14 d:/gcc-arm-none-eabi/bin/../lib/gcc/arm-none-eabi/10.3.1/../../../../arm-none-eabi/lib/thumb/v7e-m+fp/hard\libc.a(lib_a-__call_atexit.o)
 .text.atexit   0x08004ea4        0xc d:/gcc-arm-none-eabi/bin/../lib/gcc/arm-none-eabi/10.3.1/../../../../arm-none-eabi/lib/thumb/v7e-m+fp/hard\libc.a(lib_a-atexit.o)
                0x08004ea4                atexit
 .text.__libc_fini_array
                0x08004eb0       0x2c d:/gcc-arm-none-eabi/bin/../lib/gcc/arm-none-eabi/10.3.1/../../../../arm-none-eabi/lib/thumb/v7e-m+fp/hard\libc.a(lib_a-fini.o)
                0x08004eb0                __libc_fini_array
 .text.__retarget_lock_acquire_recursive
                0x08004edc        0x4 d:/gcc-arm-none-eabi/bin/../lib/gcc/arm-none-eabi/10.3.1/../../../../arm-none-eabi/lib/thumb/v7e-m+fp/hard\libc.a(lib_a-lock.o)
                0x08004edc                __retarget_lock_acquire_recursive
 .text.__retarget_lock_release_recursive
                0x08004ee0        0x4 d:/gcc-arm-none-eabi/bin/../lib/gcc/arm-none-eabi/10.3.1/../../../../arm-none-eabi/lib/thumb/v7e-m+fp/hard\libc.a(lib_a-lock.o)
                0x08004ee0                __retarget_lock_release_recursive
 .text.__register_exitproc
                0x08004ee4       0x8c d:/gcc-arm-none-eabi/bin/../lib/gcc/arm-none-eabi/10.3.1/../../../../arm-none-eabi/lib/thumb/v7e-m+fp/hard\libc.a(lib_a-__atexit.o)
                0x08004ee4                __register_exitproc
 *(.glue_7)
 .glue_7        0x08004f70        0x0 linker stubs
 *(.glue_7t)
 .glue_7t       0x08004f70        0x0 linker stubs
 *(.eh_frame)
 .eh_frame      0x08004f70        0x0 d:/gcc-arm-none-eabi/bin/../lib/gcc/arm-none-eabi/10.3.1/thumb/v7e-m+fp/hard/crtbegin.o
 *(.init)
 .init          0x08004f70        0x4 d:/gcc-arm-none-eabi/bin/../lib/gcc/arm-none-eabi/10.3.1/thumb/v7e-m+fp/hard/crti.o
                0x08004f70                _init
 .init          0x08004f74        0x8 d:/gcc-arm-none-eabi/bin/../lib/gcc/arm-none-eabi/10.3.1/thumb/v7e-m+fp/hard/crtn.o
 *(.fini)
 .fini          0x08004f7c        0x4 d:/gcc-arm-none-eabi/bin/../lib/gcc/arm-none-eabi/10.3.1/thumb/v7e-m+fp/hard/crti.o
                0x08004f7c                _fini
 .fini          0x08004f80        0x8 d:/gcc-arm-none-eabi/bin/../lib/gcc/arm-none-eabi/10.3.1/thumb/v7e-m+fp/hard/crtn.o
                0x08004f88                . = ALIGN (0x4)
                0x08004f88                _etext = .

.vfp11_veneer   0x08004f88        0x0
 .vfp11_veneer  0x08004f88        0x0 linker stubs

.v4_bx          0x08004f88        0x0
 .v4_bx         0x08004f88        0x0 linker stubs

.iplt           0x08004f88        0x0
 .iplt          0x08004f88        0x0 d:/gcc-arm-none-eabi/bin/../lib/gcc/arm-none-eabi/10.3.1/thumb/v7e-m+fp/hard/crtbegin.o

.rodata         0x08004f88       0x98
                0x08004f88                . = ALIGN (0x4)
 *(.rodata)
 .rodata        0x08004f88       0x4c CMakeFiles/h7-single-cmake_CM7.elf.dir/Drivers/STM32H7xx_HAL_Driver/Src/stm32h7xx_hal_fdcan.c.obj
 *(.rodata*)
 .rodata.D1CorePrescTable
                0x08004fd4       0x10 CMakeFiles/h7-single-cmake_CM7.elf.dir/Common/Src/system_stm32h7xx_dualcore_boot_cm4_cm7.c.obj
                0x08004fd4                D1CorePrescTable
 .rodata.DLCtoBytes
                0x08004fe4       0x10 CMakeFiles/h7-single-cmake_CM7.elf.dir/Drivers/STM32H7xx_HAL_Driver/Src/stm32h7xx_hal_fdcan.c.obj
 .rodata.UARTPrescTable
                0x08004ff4       0x18 CMakeFiles/h7-single-cmake_CM7.elf.dir/Drivers/STM32H7xx_HAL_Driver/Src/stm32h7xx_hal_uart.c.obj
                0x08004ff4                UARTPrescTable
 .rodata.denominator.0
                0x0800500c        0x8 CMakeFiles/h7-single-cmake_CM7.elf.dir/Drivers/STM32H7xx_HAL_Driver/Src/stm32h7xx_hal_uart_ex.c.obj
 .rodata.numerator.1
                0x08005014        0x8 CMakeFiles/h7-single-cmake_CM7.elf.dir/Drivers/STM32H7xx_HAL_Driver/Src/stm32h7xx_hal_uart_ex.c.obj
 .rodata._global_impure_ptr
                0x0800501c        0x4 d:/gcc-arm-none-eabi/bin/../lib/gcc/arm-none-eabi/10.3.1/../../../../arm-none-eabi/lib/thumb/v7e-m+fp/hard\libc.a(lib_a-impure.o)
                0x0800501c                _global_impure_ptr
                0x08005020                . = ALIGN (0x4)

.ARM.extab      0x08005020        0x0
                0x08005020                . = ALIGN (0x4)
 *(.ARM.extab* .gnu.linkonce.armextab.*)
                0x08005020                . = ALIGN (0x4)

.ARM            0x08005020        0x8
                0x08005020                . = ALIGN (0x4)
                0x08005020                __exidx_start = .
 *(.ARM.exidx*)
 .ARM.exidx     0x08005020        0x8 d:/gcc-arm-none-eabi/bin/../lib/gcc/arm-none-eabi/10.3.1/thumb/v7e-m+fp/hard\libgcc.a(_udivmoddi4.o)
                0x08005028                __exidx_end = .
                0x08005028                . = ALIGN (0x4)

.rel.dyn        0x08005028        0x0
 .rel.iplt      0x08005028        0x0 d:/gcc-arm-none-eabi/bin/../lib/gcc/arm-none-eabi/10.3.1/thumb/v7e-m+fp/hard/crtbegin.o

.preinit_array  0x08005028        0x0
                0x08005028                . = ALIGN (0x4)
                0x08005028                PROVIDE (__preinit_array_start = .)
 *(.preinit_array*)
                0x08005028                PROVIDE (__preinit_array_end = .)
                0x08005028                . = ALIGN (0x4)

.init_array     0x08005028        0x8
                0x08005028                . = ALIGN (0x4)
                0x08005028                PROVIDE (__init_array_start = .)
 *(SORT_BY_NAME(.init_array.*))
 .init_array.00000
                0x08005028        0x4 d:/gcc-arm-none-eabi/bin/../lib/gcc/arm-none-eabi/10.3.1/../../../../arm-none-eabi/lib/thumb/v7e-m+fp/hard\libc.a(lib_a-__call_atexit.o)
 *(.init_array*)
 .init_array    0x0800502c        0x4 d:/gcc-arm-none-eabi/bin/../lib/gcc/arm-none-eabi/10.3.1/thumb/v7e-m+fp/hard/crtbegin.o
                0x08005030                PROVIDE (__init_array_end = .)
                0x08005030                . = ALIGN (0x4)

.fini_array     0x08005030        0x4
                0x08005030                . = ALIGN (0x4)
                0x08005030                PROVIDE (__fini_array_start = .)
 *(SORT_BY_NAME(.fini_array.*))
 *(.fini_array*)
 .fini_array    0x08005030        0x4 d:/gcc-arm-none-eabi/bin/../lib/gcc/arm-none-eabi/10.3.1/thumb/v7e-m+fp/hard/crtbegin.o
                0x08005034                PROVIDE (__fini_array_end = .)
                0x08005034                . = ALIGN (0x4)
                0x08005034                _sidata = LOADADDR (.data)

.data           0x24000000      0x43c load address 0x08005034
                0x24000000                . = ALIGN (0x4)
                0x24000000                _sdata = .
 *(.data)
 *(.data*)
 .data.SystemCoreClock
                0x24000000        0x4 CMakeFiles/h7-single-cmake_CM7.elf.dir/Common/Src/system_stm32h7xx_dualcore_boot_cm4_cm7.c.obj
                0x24000000                SystemCoreClock
 .data.SystemD2Clock
                0x24000004        0x4 CMakeFiles/h7-single-cmake_CM7.elf.dir/Common/Src/system_stm32h7xx_dualcore_boot_cm4_cm7.c.obj
                0x24000004                SystemD2Clock
 .data.uwTickFreq
                0x24000008        0x1 CMakeFiles/h7-single-cmake_CM7.elf.dir/Drivers/STM32H7xx_HAL_Driver/Src/stm32h7xx_hal.c.obj
                0x24000008                uwTickFreq
 *fill*         0x24000009        0x3 
 .data.uwTickPrio
                0x2400000c        0x4 CMakeFiles/h7-single-cmake_CM7.elf.dir/Drivers/STM32H7xx_HAL_Driver/Src/stm32h7xx_hal.c.obj
                0x2400000c                uwTickPrio
 .data.impure_data
                0x24000010      0x428 d:/gcc-arm-none-eabi/bin/../lib/gcc/arm-none-eabi/10.3.1/../../../../arm-none-eabi/lib/thumb/v7e-m+fp/hard\libc.a(lib_a-impure.o)
 .data.__atexit_recursive_mutex
                0x24000438        0x4 d:/gcc-arm-none-eabi/bin/../lib/gcc/arm-none-eabi/10.3.1/../../../../arm-none-eabi/lib/thumb/v7e-m+fp/hard\libc.a(lib_a-__call_atexit.o)
                0x24000438                __atexit_recursive_mutex
 *(.RamFunc)
 *(.RamFunc*)
                0x2400043c                . = ALIGN (0x4)
                0x2400043c                _edata = .

.igot.plt       0x2400043c        0x0 load address 0x08005470
 .igot.plt      0x2400043c        0x0 d:/gcc-arm-none-eabi/bin/../lib/gcc/arm-none-eabi/10.3.1/thumb/v7e-m+fp/hard/crtbegin.o
                0x2400043c                . = ALIGN (0x4)

.bss            0x2400043c      0x504 load address 0x08005470
                0x2400043c                _sbss = .
                0x2400043c                __bss_start__ = _sbss
 *(.bss)
 .bss           0x2400043c       0x1c d:/gcc-arm-none-eabi/bin/../lib/gcc/arm-none-eabi/10.3.1/thumb/v7e-m+fp/hard/crtbegin.o
 *(.bss*)
 .bss.HAL_RCC_FDCAN_CLK_ENABLED
                0x24000458        0x4 CMakeFiles/h7-single-cmake_CM7.elf.dir/CM7/Core/Src/fdcan.c.obj
 .bss.can_rx_data
                0x2400045c        0x8 CMakeFiles/h7-single-cmake_CM7.elf.dir/CM7/Core/Src/fdcan.c.obj
                0x2400045c                can_rx_data
 .bss.fdcan1_RxHeader
                0x24000464       0x28 CMakeFiles/h7-single-cmake_CM7.elf.dir/CM7/Core/Src/fdcan.c.obj
                0x24000464                fdcan1_RxHeader
 .bss.fdcan1_TxHeader
                0x2400048c       0x24 CMakeFiles/h7-single-cmake_CM7.elf.dir/CM7/Core/Src/fdcan.c.obj
                0x2400048c                fdcan1_TxHeader
 .bss.fdcan2_RxHeader
                0x240004b0       0x28 CMakeFiles/h7-single-cmake_CM7.elf.dir/CM7/Core/Src/fdcan.c.obj
                0x240004b0                fdcan2_RxHeader
 .bss.fdcan2_TxHeader
                0x240004d8       0x24 CMakeFiles/h7-single-cmake_CM7.elf.dir/CM7/Core/Src/fdcan.c.obj
                0x240004d8                fdcan2_TxHeader
 .bss.hfdcan1   0x240004fc       0xa0 CMakeFiles/h7-single-cmake_CM7.elf.dir/CM7/Core/Src/fdcan.c.obj
                0x240004fc                hfdcan1
 .bss.hfdcan2   0x2400059c       0xa0 CMakeFiles/h7-single-cmake_CM7.elf.dir/CM7/Core/Src/fdcan.c.obj
                0x2400059c                hfdcan2
 .bss.i.0       0x2400063c        0x1 CMakeFiles/h7-single-cmake_CM7.elf.dir/CM7/Core/Src/fdcan.c.obj
 *fill*         0x2400063d        0x3 
 .bss.motor     0x24000640      0x1a0 CMakeFiles/h7-single-cmake_CM7.elf.dir/CM7/Core/Src/fdcan.c.obj
                0x24000640                motor
 .bss.Tx_quene  0x240007e0        0x8 CMakeFiles/h7-single-cmake_CM7.elf.dir/CM7/Core/Src/main.c.obj
                0x240007e0                Tx_quene
 .bss.count     0x240007e8        0x4 CMakeFiles/h7-single-cmake_CM7.elf.dir/CM7/Core/Src/main.c.obj
                0x240007e8                count
 .bss.pid_struct_test
                0x240007ec       0x6c CMakeFiles/h7-single-cmake_CM7.elf.dir/CM7/Core/Src/main.c.obj
                0x240007ec                pid_struct_test
 .bss.htim1     0x24000858       0x4c CMakeFiles/h7-single-cmake_CM7.elf.dir/CM7/Core/Src/tim.c.obj
                0x24000858                htim1
 .bss.huart4    0x240008a4       0x94 CMakeFiles/h7-single-cmake_CM7.elf.dir/CM7/Core/Src/usart.c.obj
                0x240008a4                huart4
 .bss.uwTick    0x24000938        0x4 CMakeFiles/h7-single-cmake_CM7.elf.dir/Drivers/STM32H7xx_HAL_Driver/Src/stm32h7xx_hal.c.obj
                0x24000938                uwTick
 .bss.__lock___atexit_recursive_mutex
                0x2400093c        0x1 d:/gcc-arm-none-eabi/bin/../lib/gcc/arm-none-eabi/10.3.1/../../../../arm-none-eabi/lib/thumb/v7e-m+fp/hard\libc.a(lib_a-lock.o)
                0x2400093c                __lock___atexit_recursive_mutex
 *(COMMON)
                0x24000940                . = ALIGN (0x4)
 *fill*         0x2400093d        0x3 
                0x24000940                _ebss = .
                0x24000940                __bss_end__ = _ebss

._user_heap_stack
                0x24000940      0x600 load address 0x08005470
                0x24000940                . = ALIGN (0x8)
                [!provide]                PROVIDE (end = .)
                0x24000940                PROVIDE (_end = .)
                0x24000b40                . = (. + _Min_Heap_Size)
 *fill*         0x24000940      0x200 
                0x24000f40                . = (. + _Min_Stack_Size)
 *fill*         0x24000b40      0x400 
                0x24000f40                . = ALIGN (0x8)

/DISCARD/
 libc.a(*)
 libm.a(*)
 libgcc.a(*)

.ARM.attributes
                0x00000000       0x30
 *(.ARM.attributes)
 .ARM.attributes
                0x00000000       0x1e d:/gcc-arm-none-eabi/bin/../lib/gcc/arm-none-eabi/10.3.1/thumb/v7e-m+fp/hard/crti.o
 .ARM.attributes
                0x0000001e       0x34 d:/gcc-arm-none-eabi/bin/../lib/gcc/arm-none-eabi/10.3.1/thumb/v7e-m+fp/hard/crtbegin.o
 .ARM.attributes
                0x00000052       0x34 CMakeFiles/h7-single-cmake_CM7.elf.dir/CM7/Core/Src/fdcan.c.obj
 .ARM.attributes
                0x00000086       0x34 CMakeFiles/h7-single-cmake_CM7.elf.dir/CM7/Core/Src/gpio.c.obj
 .ARM.attributes
                0x000000ba       0x34 CMakeFiles/h7-single-cmake_CM7.elf.dir/CM7/Core/Src/main.c.obj
 .ARM.attributes
                0x000000ee       0x34 CMakeFiles/h7-single-cmake_CM7.elf.dir/CM7/Core/Src/motor.c.obj
 .ARM.attributes
                0x00000122       0x34 CMakeFiles/h7-single-cmake_CM7.elf.dir/CM7/Core/Src/motor_control.c.obj
 .ARM.attributes
                0x00000156       0x34 CMakeFiles/h7-single-cmake_CM7.elf.dir/CM7/Core/Src/pid.c.obj
 .ARM.attributes
                0x0000018a       0x34 CMakeFiles/h7-single-cmake_CM7.elf.dir/CM7/Core/Src/stm32h7xx_hal_msp.c.obj
 .ARM.attributes
                0x000001be       0x34 CMakeFiles/h7-single-cmake_CM7.elf.dir/CM7/Core/Src/stm32h7xx_it.c.obj
 .ARM.attributes
                0x000001f2       0x34 CMakeFiles/h7-single-cmake_CM7.elf.dir/CM7/Core/Src/tim.c.obj
 .ARM.attributes
                0x00000226       0x34 CMakeFiles/h7-single-cmake_CM7.elf.dir/CM7/Core/Src/usart.c.obj
 .ARM.attributes
                0x0000025a       0x21 CMakeFiles/h7-single-cmake_CM7.elf.dir/CM7/Core/Startup/startup_stm32h755bitx.s.obj
 .ARM.attributes
                0x0000027b       0x34 CMakeFiles/h7-single-cmake_CM7.elf.dir/Common/Src/system_stm32h7xx_dualcore_boot_cm4_cm7.c.obj
 .ARM.attributes
                0x000002af       0x34 CMakeFiles/h7-single-cmake_CM7.elf.dir/Drivers/STM32H7xx_HAL_Driver/Src/stm32h7xx_hal_cortex.c.obj
 .ARM.attributes
                0x000002e3       0x34 CMakeFiles/h7-single-cmake_CM7.elf.dir/Drivers/STM32H7xx_HAL_Driver/Src/stm32h7xx_hal_rcc.c.obj
 .ARM.attributes
                0x00000317       0x34 CMakeFiles/h7-single-cmake_CM7.elf.dir/Drivers/STM32H7xx_HAL_Driver/Src/stm32h7xx_hal_rcc_ex.c.obj
 .ARM.attributes
                0x0000034b       0x34 CMakeFiles/h7-single-cmake_CM7.elf.dir/Drivers/STM32H7xx_HAL_Driver/Src/stm32h7xx_hal_gpio.c.obj
 .ARM.attributes
                0x0000037f       0x34 CMakeFiles/h7-single-cmake_CM7.elf.dir/Drivers/STM32H7xx_HAL_Driver/Src/stm32h7xx_hal_pwr_ex.c.obj
 .ARM.attributes
                0x000003b3       0x34 CMakeFiles/h7-single-cmake_CM7.elf.dir/Drivers/STM32H7xx_HAL_Driver/Src/stm32h7xx_hal.c.obj
 .ARM.attributes
                0x000003e7       0x34 CMakeFiles/h7-single-cmake_CM7.elf.dir/Drivers/STM32H7xx_HAL_Driver/Src/stm32h7xx_hal_fdcan.c.obj
 .ARM.attributes
                0x0000041b       0x34 CMakeFiles/h7-single-cmake_CM7.elf.dir/Drivers/STM32H7xx_HAL_Driver/Src/stm32h7xx_hal_tim.c.obj
 .ARM.attributes
                0x0000044f       0x34 CMakeFiles/h7-single-cmake_CM7.elf.dir/Drivers/STM32H7xx_HAL_Driver/Src/stm32h7xx_hal_tim_ex.c.obj
 .ARM.attributes
                0x00000483       0x34 CMakeFiles/h7-single-cmake_CM7.elf.dir/Drivers/STM32H7xx_HAL_Driver/Src/stm32h7xx_hal_uart.c.obj
 .ARM.attributes
                0x000004b7       0x34 CMakeFiles/h7-single-cmake_CM7.elf.dir/Drivers/STM32H7xx_HAL_Driver/Src/stm32h7xx_hal_uart_ex.c.obj
 .ARM.attributes
                0x000004eb       0x1e d:/gcc-arm-none-eabi/bin/../lib/gcc/arm-none-eabi/10.3.1/thumb/v7e-m+fp/hard\libgcc.a(_aeabi_uldivmod.o)
 .ARM.attributes
                0x00000509       0x34 d:/gcc-arm-none-eabi/bin/../lib/gcc/arm-none-eabi/10.3.1/thumb/v7e-m+fp/hard\libgcc.a(_udivmoddi4.o)
 .ARM.attributes
                0x0000053d       0x1e d:/gcc-arm-none-eabi/bin/../lib/gcc/arm-none-eabi/10.3.1/thumb/v7e-m+fp/hard\libgcc.a(_dvmd_tls.o)
 .ARM.attributes
                0x0000055b       0x34 d:/gcc-arm-none-eabi/bin/../lib/gcc/arm-none-eabi/10.3.1/../../../../arm-none-eabi/lib/thumb/v7e-m+fp/hard\libc.a(lib_a-impure.o)
 .ARM.attributes
                0x0000058f       0x34 d:/gcc-arm-none-eabi/bin/../lib/gcc/arm-none-eabi/10.3.1/../../../../arm-none-eabi/lib/thumb/v7e-m+fp/hard\libc.a(lib_a-init.o)
 .ARM.attributes
                0x000005c3       0x1c d:/gcc-arm-none-eabi/bin/../lib/gcc/arm-none-eabi/10.3.1/../../../../arm-none-eabi/lib/thumb/v7e-m+fp/hard\libc.a(lib_a-memcpy.o)
 .ARM.attributes
                0x000005df       0x34 d:/gcc-arm-none-eabi/bin/../lib/gcc/arm-none-eabi/10.3.1/../../../../arm-none-eabi/lib/thumb/v7e-m+fp/hard\libc.a(lib_a-memset.o)
 .ARM.attributes
                0x00000613       0x34 d:/gcc-arm-none-eabi/bin/../lib/gcc/arm-none-eabi/10.3.1/../../../../arm-none-eabi/lib/thumb/v7e-m+fp/hard\libc.a(lib_a-__call_atexit.o)
 .ARM.attributes
                0x00000647       0x34 d:/gcc-arm-none-eabi/bin/../lib/gcc/arm-none-eabi/10.3.1/../../../../arm-none-eabi/lib/thumb/v7e-m+fp/hard\libc.a(lib_a-atexit.o)
 .ARM.attributes
                0x0000067b       0x34 d:/gcc-arm-none-eabi/bin/../lib/gcc/arm-none-eabi/10.3.1/../../../../arm-none-eabi/lib/thumb/v7e-m+fp/hard\libc.a(lib_a-fini.o)
 .ARM.attributes
                0x000006af       0x34 d:/gcc-arm-none-eabi/bin/../lib/gcc/arm-none-eabi/10.3.1/../../../../arm-none-eabi/lib/thumb/v7e-m+fp/hard\libc.a(lib_a-lock.o)
 .ARM.attributes
                0x000006e3       0x34 d:/gcc-arm-none-eabi/bin/../lib/gcc/arm-none-eabi/10.3.1/../../../../arm-none-eabi/lib/thumb/v7e-m+fp/hard\libc.a(lib_a-__atexit.o)
 .ARM.attributes
                0x00000717       0x1e d:/gcc-arm-none-eabi/bin/../lib/gcc/arm-none-eabi/10.3.1/thumb/v7e-m+fp/hard/crtn.o
OUTPUT(h7-single-cmake_CM7.elf elf32-littlearm)
LOAD linker stubs
LOAD d:/gcc-arm-none-eabi/bin/../lib/gcc/arm-none-eabi/10.3.1/../../../../arm-none-eabi/lib/thumb/v7e-m+fp/hard\libc.a
LOAD d:/gcc-arm-none-eabi/bin/../lib/gcc/arm-none-eabi/10.3.1/../../../../arm-none-eabi/lib/thumb/v7e-m+fp/hard\libm.a
LOAD d:/gcc-arm-none-eabi/bin/../lib/gcc/arm-none-eabi/10.3.1/thumb/v7e-m+fp/hard\libgcc.a

.debug_info     0x00000000    0x225ce
 .debug_info    0x00000000     0x1eb4 CMakeFiles/h7-single-cmake_CM7.elf.dir/CM7/Core/Src/fdcan.c.obj
 .debug_info    0x00001eb4      0x4de CMakeFiles/h7-single-cmake_CM7.elf.dir/CM7/Core/Src/gpio.c.obj
 .debug_info    0x00002392     0x1954 CMakeFiles/h7-single-cmake_CM7.elf.dir/CM7/Core/Src/main.c.obj
 .debug_info    0x00003ce6      0xb18 CMakeFiles/h7-single-cmake_CM7.elf.dir/CM7/Core/Src/motor.c.obj
 .debug_info    0x000047fe      0x7a5 CMakeFiles/h7-single-cmake_CM7.elf.dir/CM7/Core/Src/motor_control.c.obj
 .debug_info    0x00004fa3      0x4ee CMakeFiles/h7-single-cmake_CM7.elf.dir/CM7/Core/Src/pid.c.obj
 .debug_info    0x00005491      0x4a4 CMakeFiles/h7-single-cmake_CM7.elf.dir/CM7/Core/Src/stm32h7xx_hal_msp.c.obj
 .debug_info    0x00005935     0x107a CMakeFiles/h7-single-cmake_CM7.elf.dir/CM7/Core/Src/stm32h7xx_it.c.obj
 .debug_info    0x000069af     0x1174 CMakeFiles/h7-single-cmake_CM7.elf.dir/CM7/Core/Src/tim.c.obj
 .debug_info    0x00007b23     0x11b9 CMakeFiles/h7-single-cmake_CM7.elf.dir/CM7/Core/Src/usart.c.obj
 .debug_info    0x00008cdc       0x22 CMakeFiles/h7-single-cmake_CM7.elf.dir/CM7/Core/Startup/startup_stm32h755bitx.s.obj
 .debug_info    0x00008cfe      0xdf7 CMakeFiles/h7-single-cmake_CM7.elf.dir/Common/Src/system_stm32h7xx_dualcore_boot_cm4_cm7.c.obj
 .debug_info    0x00009af5     0x1412 CMakeFiles/h7-single-cmake_CM7.elf.dir/Drivers/STM32H7xx_HAL_Driver/Src/stm32h7xx_hal_cortex.c.obj
 .debug_info    0x0000af07     0x1232 CMakeFiles/h7-single-cmake_CM7.elf.dir/Drivers/STM32H7xx_HAL_Driver/Src/stm32h7xx_hal_rcc.c.obj
 .debug_info    0x0000c139     0x1bad CMakeFiles/h7-single-cmake_CM7.elf.dir/Drivers/STM32H7xx_HAL_Driver/Src/stm32h7xx_hal_rcc_ex.c.obj
 .debug_info    0x0000dce6      0xe22 CMakeFiles/h7-single-cmake_CM7.elf.dir/Drivers/STM32H7xx_HAL_Driver/Src/stm32h7xx_hal_gpio.c.obj
 .debug_info    0x0000eb08     0x14f2 CMakeFiles/h7-single-cmake_CM7.elf.dir/Drivers/STM32H7xx_HAL_Driver/Src/stm32h7xx_hal_pwr_ex.c.obj
 .debug_info    0x0000fffa     0x1917 CMakeFiles/h7-single-cmake_CM7.elf.dir/Drivers/STM32H7xx_HAL_Driver/Src/stm32h7xx_hal.c.obj
 .debug_info    0x00011911     0x3490 CMakeFiles/h7-single-cmake_CM7.elf.dir/Drivers/STM32H7xx_HAL_Driver/Src/stm32h7xx_hal_fdcan.c.obj
 .debug_info    0x00014da1     0x4007 CMakeFiles/h7-single-cmake_CM7.elf.dir/Drivers/STM32H7xx_HAL_Driver/Src/stm32h7xx_hal_tim.c.obj
 .debug_info    0x00018da8     0x1e81 CMakeFiles/h7-single-cmake_CM7.elf.dir/Drivers/STM32H7xx_HAL_Driver/Src/stm32h7xx_hal_tim_ex.c.obj
 .debug_info    0x0001ac29     0x6752 CMakeFiles/h7-single-cmake_CM7.elf.dir/Drivers/STM32H7xx_HAL_Driver/Src/stm32h7xx_hal_uart.c.obj
 .debug_info    0x0002137b     0x1253 CMakeFiles/h7-single-cmake_CM7.elf.dir/Drivers/STM32H7xx_HAL_Driver/Src/stm32h7xx_hal_uart_ex.c.obj

.debug_abbrev   0x00000000     0x308e
 .debug_abbrev  0x00000000      0x299 CMakeFiles/h7-single-cmake_CM7.elf.dir/CM7/Core/Src/fdcan.c.obj
 .debug_abbrev  0x00000299       0xe5 CMakeFiles/h7-single-cmake_CM7.elf.dir/CM7/Core/Src/gpio.c.obj
 .debug_abbrev  0x0000037e      0x2aa CMakeFiles/h7-single-cmake_CM7.elf.dir/CM7/Core/Src/main.c.obj
 .debug_abbrev  0x00000628      0x1ca CMakeFiles/h7-single-cmake_CM7.elf.dir/CM7/Core/Src/motor.c.obj
 .debug_abbrev  0x000007f2      0x1d7 CMakeFiles/h7-single-cmake_CM7.elf.dir/CM7/Core/Src/motor_control.c.obj
 .debug_abbrev  0x000009c9      0x181 CMakeFiles/h7-single-cmake_CM7.elf.dir/CM7/Core/Src/pid.c.obj
 .debug_abbrev  0x00000b4a       0xda CMakeFiles/h7-single-cmake_CM7.elf.dir/CM7/Core/Src/stm32h7xx_hal_msp.c.obj
 .debug_abbrev  0x00000c24      0x1c0 CMakeFiles/h7-single-cmake_CM7.elf.dir/CM7/Core/Src/stm32h7xx_it.c.obj
 .debug_abbrev  0x00000de4      0x201 CMakeFiles/h7-single-cmake_CM7.elf.dir/CM7/Core/Src/tim.c.obj
 .debug_abbrev  0x00000fe5      0x20e CMakeFiles/h7-single-cmake_CM7.elf.dir/CM7/Core/Src/usart.c.obj
 .debug_abbrev  0x000011f3       0x12 CMakeFiles/h7-single-cmake_CM7.elf.dir/CM7/Core/Startup/startup_stm32h755bitx.s.obj
 .debug_abbrev  0x00001205      0x14d CMakeFiles/h7-single-cmake_CM7.elf.dir/Common/Src/system_stm32h7xx_dualcore_boot_cm4_cm7.c.obj
 .debug_abbrev  0x00001352      0x380 CMakeFiles/h7-single-cmake_CM7.elf.dir/Drivers/STM32H7xx_HAL_Driver/Src/stm32h7xx_hal_cortex.c.obj
 .debug_abbrev  0x000016d2      0x282 CMakeFiles/h7-single-cmake_CM7.elf.dir/Drivers/STM32H7xx_HAL_Driver/Src/stm32h7xx_hal_rcc.c.obj
 .debug_abbrev  0x00001954      0x27b CMakeFiles/h7-single-cmake_CM7.elf.dir/Drivers/STM32H7xx_HAL_Driver/Src/stm32h7xx_hal_rcc_ex.c.obj
 .debug_abbrev  0x00001bcf      0x23c CMakeFiles/h7-single-cmake_CM7.elf.dir/Drivers/STM32H7xx_HAL_Driver/Src/stm32h7xx_hal_gpio.c.obj
 .debug_abbrev  0x00001e0b      0x2c3 CMakeFiles/h7-single-cmake_CM7.elf.dir/Drivers/STM32H7xx_HAL_Driver/Src/stm32h7xx_hal_pwr_ex.c.obj
 .debug_abbrev  0x000020ce      0x267 CMakeFiles/h7-single-cmake_CM7.elf.dir/Drivers/STM32H7xx_HAL_Driver/Src/stm32h7xx_hal.c.obj
 .debug_abbrev  0x00002335      0x2b5 CMakeFiles/h7-single-cmake_CM7.elf.dir/Drivers/STM32H7xx_HAL_Driver/Src/stm32h7xx_hal_fdcan.c.obj
 .debug_abbrev  0x000025ea      0x235 CMakeFiles/h7-single-cmake_CM7.elf.dir/Drivers/STM32H7xx_HAL_Driver/Src/stm32h7xx_hal_tim.c.obj
 .debug_abbrev  0x0000281f      0x24b CMakeFiles/h7-single-cmake_CM7.elf.dir/Drivers/STM32H7xx_HAL_Driver/Src/stm32h7xx_hal_tim_ex.c.obj
 .debug_abbrev  0x00002a6a      0x33a CMakeFiles/h7-single-cmake_CM7.elf.dir/Drivers/STM32H7xx_HAL_Driver/Src/stm32h7xx_hal_uart.c.obj
 .debug_abbrev  0x00002da4      0x2ea CMakeFiles/h7-single-cmake_CM7.elf.dir/Drivers/STM32H7xx_HAL_Driver/Src/stm32h7xx_hal_uart_ex.c.obj

.debug_loc      0x00000000    0x164d0
 .debug_loc     0x00000000      0x2b1 CMakeFiles/h7-single-cmake_CM7.elf.dir/CM7/Core/Src/fdcan.c.obj
 .debug_loc     0x000002b1       0x2f CMakeFiles/h7-single-cmake_CM7.elf.dir/CM7/Core/Src/main.c.obj
 .debug_loc     0x000002e0       0xa2 CMakeFiles/h7-single-cmake_CM7.elf.dir/CM7/Core/Src/motor.c.obj
 .debug_loc     0x00000382      0x23e CMakeFiles/h7-single-cmake_CM7.elf.dir/CM7/Core/Src/motor_control.c.obj
 .debug_loc     0x000005c0      0x30f CMakeFiles/h7-single-cmake_CM7.elf.dir/CM7/Core/Src/pid.c.obj
 .debug_loc     0x000008cf       0x67 CMakeFiles/h7-single-cmake_CM7.elf.dir/CM7/Core/Src/tim.c.obj
 .debug_loc     0x00000936       0x64 CMakeFiles/h7-single-cmake_CM7.elf.dir/CM7/Core/Src/usart.c.obj
 .debug_loc     0x0000099a      0x1a0 CMakeFiles/h7-single-cmake_CM7.elf.dir/Common/Src/system_stm32h7xx_dualcore_boot_cm4_cm7.c.obj
 .debug_loc     0x00000b3a      0x726 CMakeFiles/h7-single-cmake_CM7.elf.dir/Drivers/STM32H7xx_HAL_Driver/Src/stm32h7xx_hal_cortex.c.obj
 .debug_loc     0x00001260      0x90a CMakeFiles/h7-single-cmake_CM7.elf.dir/Drivers/STM32H7xx_HAL_Driver/Src/stm32h7xx_hal_rcc.c.obj
 .debug_loc     0x00001b6a     0x1d9f CMakeFiles/h7-single-cmake_CM7.elf.dir/Drivers/STM32H7xx_HAL_Driver/Src/stm32h7xx_hal_rcc_ex.c.obj
 .debug_loc     0x00003909      0x3c6 CMakeFiles/h7-single-cmake_CM7.elf.dir/Drivers/STM32H7xx_HAL_Driver/Src/stm32h7xx_hal_gpio.c.obj
 .debug_loc     0x00003ccf      0x702 CMakeFiles/h7-single-cmake_CM7.elf.dir/Drivers/STM32H7xx_HAL_Driver/Src/stm32h7xx_hal_pwr_ex.c.obj
 .debug_loc     0x000043d1      0x54c CMakeFiles/h7-single-cmake_CM7.elf.dir/Drivers/STM32H7xx_HAL_Driver/Src/stm32h7xx_hal.c.obj
 .debug_loc     0x0000491d     0x3675 CMakeFiles/h7-single-cmake_CM7.elf.dir/Drivers/STM32H7xx_HAL_Driver/Src/stm32h7xx_hal_fdcan.c.obj
 .debug_loc     0x00007f92     0x56cc CMakeFiles/h7-single-cmake_CM7.elf.dir/Drivers/STM32H7xx_HAL_Driver/Src/stm32h7xx_hal_tim.c.obj
 .debug_loc     0x0000d65e     0x257f CMakeFiles/h7-single-cmake_CM7.elf.dir/Drivers/STM32H7xx_HAL_Driver/Src/stm32h7xx_hal_tim_ex.c.obj
 .debug_loc     0x0000fbdd     0x5d4e CMakeFiles/h7-single-cmake_CM7.elf.dir/Drivers/STM32H7xx_HAL_Driver/Src/stm32h7xx_hal_uart.c.obj
 .debug_loc     0x0001592b      0xba5 CMakeFiles/h7-single-cmake_CM7.elf.dir/Drivers/STM32H7xx_HAL_Driver/Src/stm32h7xx_hal_uart_ex.c.obj

.debug_aranges  0x00000000     0x1440
 .debug_aranges
                0x00000000       0x68 CMakeFiles/h7-single-cmake_CM7.elf.dir/CM7/Core/Src/fdcan.c.obj
 .debug_aranges
                0x00000068       0x20 CMakeFiles/h7-single-cmake_CM7.elf.dir/CM7/Core/Src/gpio.c.obj
 .debug_aranges
                0x00000088       0x40 CMakeFiles/h7-single-cmake_CM7.elf.dir/CM7/Core/Src/main.c.obj
 .debug_aranges
                0x000000c8       0x28 CMakeFiles/h7-single-cmake_CM7.elf.dir/CM7/Core/Src/motor.c.obj
 .debug_aranges
                0x000000f0       0x38 CMakeFiles/h7-single-cmake_CM7.elf.dir/CM7/Core/Src/motor_control.c.obj
 .debug_aranges
                0x00000128       0x40 CMakeFiles/h7-single-cmake_CM7.elf.dir/CM7/Core/Src/pid.c.obj
 .debug_aranges
                0x00000168       0x20 CMakeFiles/h7-single-cmake_CM7.elf.dir/CM7/Core/Src/stm32h7xx_hal_msp.c.obj
 .debug_aranges
                0x00000188       0x78 CMakeFiles/h7-single-cmake_CM7.elf.dir/CM7/Core/Src/stm32h7xx_it.c.obj
 .debug_aranges
                0x00000200       0x30 CMakeFiles/h7-single-cmake_CM7.elf.dir/CM7/Core/Src/tim.c.obj
 .debug_aranges
                0x00000230       0x30 CMakeFiles/h7-single-cmake_CM7.elf.dir/CM7/Core/Src/usart.c.obj
 .debug_aranges
                0x00000260       0x28 CMakeFiles/h7-single-cmake_CM7.elf.dir/CM7/Core/Startup/startup_stm32h755bitx.s.obj
 .debug_aranges
                0x00000288       0x28 CMakeFiles/h7-single-cmake_CM7.elf.dir/Common/Src/system_stm32h7xx_dualcore_boot_cm4_cm7.c.obj
 .debug_aranges
                0x000002b0       0xb0 CMakeFiles/h7-single-cmake_CM7.elf.dir/Drivers/STM32H7xx_HAL_Driver/Src/stm32h7xx_hal_cortex.c.obj
 .debug_aranges
                0x00000360       0x88 CMakeFiles/h7-single-cmake_CM7.elf.dir/Drivers/STM32H7xx_HAL_Driver/Src/stm32h7xx_hal_rcc.c.obj
 .debug_aranges
                0x000003e8      0x100 CMakeFiles/h7-single-cmake_CM7.elf.dir/Drivers/STM32H7xx_HAL_Driver/Src/stm32h7xx_hal_rcc_ex.c.obj
 .debug_aranges
                0x000004e8       0x58 CMakeFiles/h7-single-cmake_CM7.elf.dir/Drivers/STM32H7xx_HAL_Driver/Src/stm32h7xx_hal_gpio.c.obj
 .debug_aranges
                0x00000540      0x170 CMakeFiles/h7-single-cmake_CM7.elf.dir/Drivers/STM32H7xx_HAL_Driver/Src/stm32h7xx_hal_pwr_ex.c.obj
 .debug_aranges
                0x000006b0      0x200 CMakeFiles/h7-single-cmake_CM7.elf.dir/Drivers/STM32H7xx_HAL_Driver/Src/stm32h7xx_hal.c.obj
 .debug_aranges
                0x000008b0      0x338 CMakeFiles/h7-single-cmake_CM7.elf.dir/Drivers/STM32H7xx_HAL_Driver/Src/stm32h7xx_hal_fdcan.c.obj
 .debug_aranges
                0x00000be8      0x3e0 CMakeFiles/h7-single-cmake_CM7.elf.dir/Drivers/STM32H7xx_HAL_Driver/Src/stm32h7xx_hal_tim.c.obj
 .debug_aranges
                0x00000fc8      0x188 CMakeFiles/h7-single-cmake_CM7.elf.dir/Drivers/STM32H7xx_HAL_Driver/Src/stm32h7xx_hal_tim_ex.c.obj
 .debug_aranges
                0x00001150      0x248 CMakeFiles/h7-single-cmake_CM7.elf.dir/Drivers/STM32H7xx_HAL_Driver/Src/stm32h7xx_hal_uart.c.obj
 .debug_aranges
                0x00001398       0xa8 CMakeFiles/h7-single-cmake_CM7.elf.dir/Drivers/STM32H7xx_HAL_Driver/Src/stm32h7xx_hal_uart_ex.c.obj

.debug_ranges   0x00000000     0x1468
 .debug_ranges  0x00000000       0x70 CMakeFiles/h7-single-cmake_CM7.elf.dir/CM7/Core/Src/fdcan.c.obj
 .debug_ranges  0x00000070       0x10 CMakeFiles/h7-single-cmake_CM7.elf.dir/CM7/Core/Src/gpio.c.obj
 .debug_ranges  0x00000080       0x30 CMakeFiles/h7-single-cmake_CM7.elf.dir/CM7/Core/Src/main.c.obj
 .debug_ranges  0x000000b0       0x18 CMakeFiles/h7-single-cmake_CM7.elf.dir/CM7/Core/Src/motor.c.obj
 .debug_ranges  0x000000c8       0x28 CMakeFiles/h7-single-cmake_CM7.elf.dir/CM7/Core/Src/motor_control.c.obj
 .debug_ranges  0x000000f0       0x30 CMakeFiles/h7-single-cmake_CM7.elf.dir/CM7/Core/Src/pid.c.obj
 .debug_ranges  0x00000120       0x10 CMakeFiles/h7-single-cmake_CM7.elf.dir/CM7/Core/Src/stm32h7xx_hal_msp.c.obj
 .debug_ranges  0x00000130       0x68 CMakeFiles/h7-single-cmake_CM7.elf.dir/CM7/Core/Src/stm32h7xx_it.c.obj
 .debug_ranges  0x00000198       0x20 CMakeFiles/h7-single-cmake_CM7.elf.dir/CM7/Core/Src/tim.c.obj
 .debug_ranges  0x000001b8       0x20 CMakeFiles/h7-single-cmake_CM7.elf.dir/CM7/Core/Src/usart.c.obj
 .debug_ranges  0x000001d8       0x20 CMakeFiles/h7-single-cmake_CM7.elf.dir/CM7/Core/Startup/startup_stm32h755bitx.s.obj
 .debug_ranges  0x000001f8       0x18 CMakeFiles/h7-single-cmake_CM7.elf.dir/Common/Src/system_stm32h7xx_dualcore_boot_cm4_cm7.c.obj
 .debug_ranges  0x00000210      0x100 CMakeFiles/h7-single-cmake_CM7.elf.dir/Drivers/STM32H7xx_HAL_Driver/Src/stm32h7xx_hal_cortex.c.obj
 .debug_ranges  0x00000310       0xe8 CMakeFiles/h7-single-cmake_CM7.elf.dir/Drivers/STM32H7xx_HAL_Driver/Src/stm32h7xx_hal_rcc.c.obj
 .debug_ranges  0x000003f8       0xf0 CMakeFiles/h7-single-cmake_CM7.elf.dir/Drivers/STM32H7xx_HAL_Driver/Src/stm32h7xx_hal_rcc_ex.c.obj
 .debug_ranges  0x000004e8       0x48 CMakeFiles/h7-single-cmake_CM7.elf.dir/Drivers/STM32H7xx_HAL_Driver/Src/stm32h7xx_hal_gpio.c.obj
 .debug_ranges  0x00000530      0x1c0 CMakeFiles/h7-single-cmake_CM7.elf.dir/Drivers/STM32H7xx_HAL_Driver/Src/stm32h7xx_hal_pwr_ex.c.obj
 .debug_ranges  0x000006f0      0x1f0 CMakeFiles/h7-single-cmake_CM7.elf.dir/Drivers/STM32H7xx_HAL_Driver/Src/stm32h7xx_hal.c.obj
 .debug_ranges  0x000008e0      0x370 CMakeFiles/h7-single-cmake_CM7.elf.dir/Drivers/STM32H7xx_HAL_Driver/Src/stm32h7xx_hal_fdcan.c.obj
 .debug_ranges  0x00000c50      0x3d0 CMakeFiles/h7-single-cmake_CM7.elf.dir/Drivers/STM32H7xx_HAL_Driver/Src/stm32h7xx_hal_tim.c.obj
 .debug_ranges  0x00001020      0x178 CMakeFiles/h7-single-cmake_CM7.elf.dir/Drivers/STM32H7xx_HAL_Driver/Src/stm32h7xx_hal_tim_ex.c.obj
 .debug_ranges  0x00001198      0x238 CMakeFiles/h7-single-cmake_CM7.elf.dir/Drivers/STM32H7xx_HAL_Driver/Src/stm32h7xx_hal_uart.c.obj
 .debug_ranges  0x000013d0       0x98 CMakeFiles/h7-single-cmake_CM7.elf.dir/Drivers/STM32H7xx_HAL_Driver/Src/stm32h7xx_hal_uart_ex.c.obj

.debug_macro    0x00000000    0x3c8ae
 .debug_macro   0x00000000      0x394 CMakeFiles/h7-single-cmake_CM7.elf.dir/CM7/Core/Src/fdcan.c.obj
 .debug_macro   0x00000394      0xa90 CMakeFiles/h7-single-cmake_CM7.elf.dir/CM7/Core/Src/fdcan.c.obj
 .debug_macro   0x00000e24      0x23e CMakeFiles/h7-single-cmake_CM7.elf.dir/CM7/Core/Src/fdcan.c.obj
 .debug_macro   0x00001062       0x2e CMakeFiles/h7-single-cmake_CM7.elf.dir/CM7/Core/Src/fdcan.c.obj
 .debug_macro   0x00001090       0x49 CMakeFiles/h7-single-cmake_CM7.elf.dir/CM7/Core/Src/fdcan.c.obj
 .debug_macro   0x000010d9       0x22 CMakeFiles/h7-single-cmake_CM7.elf.dir/CM7/Core/Src/fdcan.c.obj
 .debug_macro   0x000010fb       0x8e CMakeFiles/h7-single-cmake_CM7.elf.dir/CM7/Core/Src/fdcan.c.obj
 .debug_macro   0x00001189       0x51 CMakeFiles/h7-single-cmake_CM7.elf.dir/CM7/Core/Src/fdcan.c.obj
 .debug_macro   0x000011da      0x103 CMakeFiles/h7-single-cmake_CM7.elf.dir/CM7/Core/Src/fdcan.c.obj
 .debug_macro   0x000012dd       0x6a CMakeFiles/h7-single-cmake_CM7.elf.dir/CM7/Core/Src/fdcan.c.obj
 .debug_macro   0x00001347      0x1df CMakeFiles/h7-single-cmake_CM7.elf.dir/CM7/Core/Src/fdcan.c.obj
 .debug_macro   0x00001526       0x1c CMakeFiles/h7-single-cmake_CM7.elf.dir/CM7/Core/Src/fdcan.c.obj
 .debug_macro   0x00001542       0x22 CMakeFiles/h7-single-cmake_CM7.elf.dir/CM7/Core/Src/fdcan.c.obj
 .debug_macro   0x00001564       0xfb CMakeFiles/h7-single-cmake_CM7.elf.dir/CM7/Core/Src/fdcan.c.obj
 .debug_macro   0x0000165f     0x1305 CMakeFiles/h7-single-cmake_CM7.elf.dir/CM7/Core/Src/fdcan.c.obj
 .debug_macro   0x00002964      0x11f CMakeFiles/h7-single-cmake_CM7.elf.dir/CM7/Core/Src/fdcan.c.obj
 .debug_macro   0x00002a83       0x27 CMakeFiles/h7-single-cmake_CM7.elf.dir/CM7/Core/Src/fdcan.c.obj
 .debug_macro   0x00002aaa    0x2737b CMakeFiles/h7-single-cmake_CM7.elf.dir/CM7/Core/Src/fdcan.c.obj
 .debug_macro   0x00029e25       0x6d CMakeFiles/h7-single-cmake_CM7.elf.dir/CM7/Core/Src/fdcan.c.obj
 .debug_macro   0x00029e92     0x3d5d CMakeFiles/h7-single-cmake_CM7.elf.dir/CM7/Core/Src/fdcan.c.obj
 .debug_macro   0x0002dbef      0x174 CMakeFiles/h7-single-cmake_CM7.elf.dir/CM7/Core/Src/fdcan.c.obj
 .debug_macro   0x0002dd63       0x64 CMakeFiles/h7-single-cmake_CM7.elf.dir/CM7/Core/Src/fdcan.c.obj
 .debug_macro   0x0002ddc7       0x1e CMakeFiles/h7-single-cmake_CM7.elf.dir/CM7/Core/Src/fdcan.c.obj
 .debug_macro   0x0002dde5       0x35 CMakeFiles/h7-single-cmake_CM7.elf.dir/CM7/Core/Src/fdcan.c.obj
 .debug_macro   0x0002de1a       0x34 CMakeFiles/h7-single-cmake_CM7.elf.dir/CM7/Core/Src/fdcan.c.obj
 .debug_macro   0x0002de4e       0x16 CMakeFiles/h7-single-cmake_CM7.elf.dir/CM7/Core/Src/fdcan.c.obj
 .debug_macro   0x0002de64       0x43 CMakeFiles/h7-single-cmake_CM7.elf.dir/CM7/Core/Src/fdcan.c.obj
 .debug_macro   0x0002dea7       0x34 CMakeFiles/h7-single-cmake_CM7.elf.dir/CM7/Core/Src/fdcan.c.obj
 .debug_macro   0x0002dedb       0x10 CMakeFiles/h7-single-cmake_CM7.elf.dir/CM7/Core/Src/fdcan.c.obj
 .debug_macro   0x0002deeb       0x58 CMakeFiles/h7-single-cmake_CM7.elf.dir/CM7/Core/Src/fdcan.c.obj
 .debug_macro   0x0002df43      0x182 CMakeFiles/h7-single-cmake_CM7.elf.dir/CM7/Core/Src/fdcan.c.obj
 .debug_macro   0x0002e0c5      0x341 CMakeFiles/h7-single-cmake_CM7.elf.dir/CM7/Core/Src/fdcan.c.obj
 .debug_macro   0x0002e406      0x19b CMakeFiles/h7-single-cmake_CM7.elf.dir/CM7/Core/Src/fdcan.c.obj
 .debug_macro   0x0002e5a1       0x5d CMakeFiles/h7-single-cmake_CM7.elf.dir/CM7/Core/Src/fdcan.c.obj
 .debug_macro   0x0002e5fe     0x3b99 CMakeFiles/h7-single-cmake_CM7.elf.dir/CM7/Core/Src/fdcan.c.obj
 .debug_macro   0x00032197     0x1072 CMakeFiles/h7-single-cmake_CM7.elf.dir/CM7/Core/Src/fdcan.c.obj
 .debug_macro   0x00033209      0x154 CMakeFiles/h7-single-cmake_CM7.elf.dir/CM7/Core/Src/fdcan.c.obj
 .debug_macro   0x0003335d      0x130 CMakeFiles/h7-single-cmake_CM7.elf.dir/CM7/Core/Src/fdcan.c.obj
 .debug_macro   0x0003348d      0x3be CMakeFiles/h7-single-cmake_CM7.elf.dir/CM7/Core/Src/fdcan.c.obj
 .debug_macro   0x0003384b       0xac CMakeFiles/h7-single-cmake_CM7.elf.dir/CM7/Core/Src/fdcan.c.obj
 .debug_macro   0x000338f7      0x72d CMakeFiles/h7-single-cmake_CM7.elf.dir/CM7/Core/Src/fdcan.c.obj
 .debug_macro   0x00034024      0x228 CMakeFiles/h7-single-cmake_CM7.elf.dir/CM7/Core/Src/fdcan.c.obj
 .debug_macro   0x0003424c       0x66 CMakeFiles/h7-single-cmake_CM7.elf.dir/CM7/Core/Src/fdcan.c.obj
 .debug_macro   0x000342b2      0x3bb CMakeFiles/h7-single-cmake_CM7.elf.dir/CM7/Core/Src/fdcan.c.obj
 .debug_macro   0x0003466d      0x407 CMakeFiles/h7-single-cmake_CM7.elf.dir/CM7/Core/Src/fdcan.c.obj
 .debug_macro   0x00034a74      0x27c CMakeFiles/h7-single-cmake_CM7.elf.dir/CM7/Core/Src/fdcan.c.obj
 .debug_macro   0x00034cf0      0xe42 CMakeFiles/h7-single-cmake_CM7.elf.dir/CM7/Core/Src/fdcan.c.obj
 .debug_macro   0x00035b32      0x3ca CMakeFiles/h7-single-cmake_CM7.elf.dir/CM7/Core/Src/fdcan.c.obj
 .debug_macro   0x00035efc      0x4a2 CMakeFiles/h7-single-cmake_CM7.elf.dir/CM7/Core/Src/fdcan.c.obj
 .debug_macro   0x0003639e       0x51 CMakeFiles/h7-single-cmake_CM7.elf.dir/CM7/Core/Src/fdcan.c.obj
 .debug_macro   0x000363ef       0x4a CMakeFiles/h7-single-cmake_CM7.elf.dir/CM7/Core/Src/fdcan.c.obj
 .debug_macro   0x00036439      0x22c CMakeFiles/h7-single-cmake_CM7.elf.dir/CM7/Core/Src/fdcan.c.obj
 .debug_macro   0x00036665       0x67 CMakeFiles/h7-single-cmake_CM7.elf.dir/CM7/Core/Src/fdcan.c.obj
 .debug_macro   0x000366cc       0xa5 CMakeFiles/h7-single-cmake_CM7.elf.dir/CM7/Core/Src/fdcan.c.obj
 .debug_macro   0x00036771      0x218 CMakeFiles/h7-single-cmake_CM7.elf.dir/CM7/Core/Src/fdcan.c.obj
 .debug_macro   0x00036989      0x2ea CMakeFiles/h7-single-cmake_CM7.elf.dir/CM7/Core/Src/fdcan.c.obj
 .debug_macro   0x00036c73       0x35 CMakeFiles/h7-single-cmake_CM7.elf.dir/CM7/Core/Src/fdcan.c.obj
 .debug_macro   0x00036ca8      0xaf3 CMakeFiles/h7-single-cmake_CM7.elf.dir/CM7/Core/Src/fdcan.c.obj
 .debug_macro   0x0003779b      0x29f CMakeFiles/h7-single-cmake_CM7.elf.dir/CM7/Core/Src/fdcan.c.obj
 .debug_macro   0x00037a3a      0x693 CMakeFiles/h7-single-cmake_CM7.elf.dir/CM7/Core/Src/fdcan.c.obj
 .debug_macro   0x000380cd       0xa6 CMakeFiles/h7-single-cmake_CM7.elf.dir/CM7/Core/Src/fdcan.c.obj
 .debug_macro   0x00038173      0x798 CMakeFiles/h7-single-cmake_CM7.elf.dir/CM7/Core/Src/fdcan.c.obj
 .debug_macro   0x0003890b       0x40 CMakeFiles/h7-single-cmake_CM7.elf.dir/CM7/Core/Src/fdcan.c.obj
 .debug_macro   0x0003894b       0x10 CMakeFiles/h7-single-cmake_CM7.elf.dir/CM7/Core/Src/fdcan.c.obj
 .debug_macro   0x0003895b       0x1c CMakeFiles/h7-single-cmake_CM7.elf.dir/CM7/Core/Src/fdcan.c.obj
 .debug_macro   0x00038977       0x35 CMakeFiles/h7-single-cmake_CM7.elf.dir/CM7/Core/Src/fdcan.c.obj
 .debug_macro   0x000389ac       0x10 CMakeFiles/h7-single-cmake_CM7.elf.dir/CM7/Core/Src/fdcan.c.obj
 .debug_macro   0x000389bc       0x10 CMakeFiles/h7-single-cmake_CM7.elf.dir/CM7/Core/Src/fdcan.c.obj
 .debug_macro   0x000389cc       0x1c CMakeFiles/h7-single-cmake_CM7.elf.dir/CM7/Core/Src/fdcan.c.obj
 .debug_macro   0x000389e8       0x52 CMakeFiles/h7-single-cmake_CM7.elf.dir/CM7/Core/Src/fdcan.c.obj
 .debug_macro   0x00038a3a       0x22 CMakeFiles/h7-single-cmake_CM7.elf.dir/CM7/Core/Src/fdcan.c.obj
 .debug_macro   0x00038a5c       0x10 CMakeFiles/h7-single-cmake_CM7.elf.dir/CM7/Core/Src/fdcan.c.obj
 .debug_macro   0x00038a6c       0x52 CMakeFiles/h7-single-cmake_CM7.elf.dir/CM7/Core/Src/fdcan.c.obj
 .debug_macro   0x00038abe       0xd5 CMakeFiles/h7-single-cmake_CM7.elf.dir/CM7/Core/Src/fdcan.c.obj
 .debug_macro   0x00038b93       0x1c CMakeFiles/h7-single-cmake_CM7.elf.dir/CM7/Core/Src/fdcan.c.obj
 .debug_macro   0x00038baf       0x3d CMakeFiles/h7-single-cmake_CM7.elf.dir/CM7/Core/Src/fdcan.c.obj
 .debug_macro   0x00038bec       0x16 CMakeFiles/h7-single-cmake_CM7.elf.dir/CM7/Core/Src/fdcan.c.obj
 .debug_macro   0x00038c02      0x16f CMakeFiles/h7-single-cmake_CM7.elf.dir/CM7/Core/Src/fdcan.c.obj
 .debug_macro   0x00038d71      0x2b7 CMakeFiles/h7-single-cmake_CM7.elf.dir/CM7/Core/Src/gpio.c.obj
 .debug_macro   0x00039028      0x3ca CMakeFiles/h7-single-cmake_CM7.elf.dir/CM7/Core/Src/main.c.obj
 .debug_macro   0x000393f2      0x2c6 CMakeFiles/h7-single-cmake_CM7.elf.dir/CM7/Core/Src/motor.c.obj
 .debug_macro   0x000396b8       0x3a CMakeFiles/h7-single-cmake_CM7.elf.dir/CM7/Core/Src/motor.c.obj
 .debug_macro   0x000396f2      0x2d3 CMakeFiles/h7-single-cmake_CM7.elf.dir/CM7/Core/Src/motor_control.c.obj
 .debug_macro   0x000399c5      0x2bd CMakeFiles/h7-single-cmake_CM7.elf.dir/CM7/Core/Src/pid.c.obj
 .debug_macro   0x00039c82      0x2ad CMakeFiles/h7-single-cmake_CM7.elf.dir/CM7/Core/Src/stm32h7xx_hal_msp.c.obj
 .debug_macro   0x00039f2f      0x2b7 CMakeFiles/h7-single-cmake_CM7.elf.dir/CM7/Core/Src/stm32h7xx_it.c.obj
 .debug_macro   0x0003a1e6      0x2b7 CMakeFiles/h7-single-cmake_CM7.elf.dir/CM7/Core/Src/tim.c.obj
 .debug_macro   0x0003a49d      0x2b7 CMakeFiles/h7-single-cmake_CM7.elf.dir/CM7/Core/Src/usart.c.obj
 .debug_macro   0x0003a754      0x2a3 CMakeFiles/h7-single-cmake_CM7.elf.dir/Common/Src/system_stm32h7xx_dualcore_boot_cm4_cm7.c.obj
 .debug_macro   0x0003a9f7      0x2a3 CMakeFiles/h7-single-cmake_CM7.elf.dir/Drivers/STM32H7xx_HAL_Driver/Src/stm32h7xx_hal_cortex.c.obj
 .debug_macro   0x0003ac9a      0x2c7 CMakeFiles/h7-single-cmake_CM7.elf.dir/Drivers/STM32H7xx_HAL_Driver/Src/stm32h7xx_hal_rcc.c.obj
 .debug_macro   0x0003af61      0x2c1 CMakeFiles/h7-single-cmake_CM7.elf.dir/Drivers/STM32H7xx_HAL_Driver/Src/stm32h7xx_hal_rcc_ex.c.obj
 .debug_macro   0x0003b222      0x2b7 CMakeFiles/h7-single-cmake_CM7.elf.dir/Drivers/STM32H7xx_HAL_Driver/Src/stm32h7xx_hal_gpio.c.obj
 .debug_macro   0x0003b4d9      0x2dc CMakeFiles/h7-single-cmake_CM7.elf.dir/Drivers/STM32H7xx_HAL_Driver/Src/stm32h7xx_hal_pwr_ex.c.obj
 .debug_macro   0x0003b7b5      0x2cd CMakeFiles/h7-single-cmake_CM7.elf.dir/Drivers/STM32H7xx_HAL_Driver/Src/stm32h7xx_hal.c.obj
 .debug_macro   0x0003ba82      0x368 CMakeFiles/h7-single-cmake_CM7.elf.dir/Drivers/STM32H7xx_HAL_Driver/Src/stm32h7xx_hal_fdcan.c.obj
 .debug_macro   0x0003bdea      0x2a4 CMakeFiles/h7-single-cmake_CM7.elf.dir/Drivers/STM32H7xx_HAL_Driver/Src/stm32h7xx_hal_tim.c.obj
 .debug_macro   0x0003c08e      0x2a3 CMakeFiles/h7-single-cmake_CM7.elf.dir/Drivers/STM32H7xx_HAL_Driver/Src/stm32h7xx_hal_tim_ex.c.obj
 .debug_macro   0x0003c331      0x2ce CMakeFiles/h7-single-cmake_CM7.elf.dir/Drivers/STM32H7xx_HAL_Driver/Src/stm32h7xx_hal_uart.c.obj
 .debug_macro   0x0003c5ff      0x2af CMakeFiles/h7-single-cmake_CM7.elf.dir/Drivers/STM32H7xx_HAL_Driver/Src/stm32h7xx_hal_uart_ex.c.obj

.debug_line     0x00000000    0x1f629
 .debug_line    0x00000000      0xdc8 CMakeFiles/h7-single-cmake_CM7.elf.dir/CM7/Core/Src/fdcan.c.obj
 .debug_line    0x00000dc8      0x654 CMakeFiles/h7-single-cmake_CM7.elf.dir/CM7/Core/Src/gpio.c.obj
 .debug_line    0x0000141c      0x96a CMakeFiles/h7-single-cmake_CM7.elf.dir/CM7/Core/Src/main.c.obj
 .debug_line    0x00001d86      0x7e0 CMakeFiles/h7-single-cmake_CM7.elf.dir/CM7/Core/Src/motor.c.obj
 .debug_line    0x00002566      0x770 CMakeFiles/h7-single-cmake_CM7.elf.dir/CM7/Core/Src/motor_control.c.obj
 .debug_line    0x00002cd6      0x8b6 CMakeFiles/h7-single-cmake_CM7.elf.dir/CM7/Core/Src/pid.c.obj
 .debug_line    0x0000358c      0x64c CMakeFiles/h7-single-cmake_CM7.elf.dir/CM7/Core/Src/stm32h7xx_hal_msp.c.obj
 .debug_line    0x00003bd8      0x794 CMakeFiles/h7-single-cmake_CM7.elf.dir/CM7/Core/Src/stm32h7xx_it.c.obj
 .debug_line    0x0000436c      0x732 CMakeFiles/h7-single-cmake_CM7.elf.dir/CM7/Core/Src/tim.c.obj
 .debug_line    0x00004a9e      0x79e CMakeFiles/h7-single-cmake_CM7.elf.dir/CM7/Core/Src/usart.c.obj
 .debug_line    0x0000523c       0xa7 CMakeFiles/h7-single-cmake_CM7.elf.dir/CM7/Core/Startup/startup_stm32h755bitx.s.obj
 .debug_line    0x000052e3      0x8ba CMakeFiles/h7-single-cmake_CM7.elf.dir/Common/Src/system_stm32h7xx_dualcore_boot_cm4_cm7.c.obj
 .debug_line    0x00005b9d      0xc13 CMakeFiles/h7-single-cmake_CM7.elf.dir/Drivers/STM32H7xx_HAL_Driver/Src/stm32h7xx_hal_cortex.c.obj
 .debug_line    0x000067b0     0x16b5 CMakeFiles/h7-single-cmake_CM7.elf.dir/Drivers/STM32H7xx_HAL_Driver/Src/stm32h7xx_hal_rcc.c.obj
 .debug_line    0x00007e65     0x23bf CMakeFiles/h7-single-cmake_CM7.elf.dir/Drivers/STM32H7xx_HAL_Driver/Src/stm32h7xx_hal_rcc_ex.c.obj
 .debug_line    0x0000a224      0xb4c CMakeFiles/h7-single-cmake_CM7.elf.dir/Drivers/STM32H7xx_HAL_Driver/Src/stm32h7xx_hal_gpio.c.obj
 .debug_line    0x0000ad70     0x103e CMakeFiles/h7-single-cmake_CM7.elf.dir/Drivers/STM32H7xx_HAL_Driver/Src/stm32h7xx_hal_pwr_ex.c.obj
 .debug_line    0x0000bdae      0xe7d CMakeFiles/h7-single-cmake_CM7.elf.dir/Drivers/STM32H7xx_HAL_Driver/Src/stm32h7xx_hal.c.obj
 .debug_line    0x0000cc2b     0x3692 CMakeFiles/h7-single-cmake_CM7.elf.dir/Drivers/STM32H7xx_HAL_Driver/Src/stm32h7xx_hal_fdcan.c.obj
 .debug_line    0x000102bd     0x54bf CMakeFiles/h7-single-cmake_CM7.elf.dir/Drivers/STM32H7xx_HAL_Driver/Src/stm32h7xx_hal_tim.c.obj
 .debug_line    0x0001577c     0x237f CMakeFiles/h7-single-cmake_CM7.elf.dir/Drivers/STM32H7xx_HAL_Driver/Src/stm32h7xx_hal_tim_ex.c.obj
 .debug_line    0x00017afb     0x6aa2 CMakeFiles/h7-single-cmake_CM7.elf.dir/Drivers/STM32H7xx_HAL_Driver/Src/stm32h7xx_hal_uart.c.obj
 .debug_line    0x0001e59d     0x108c CMakeFiles/h7-single-cmake_CM7.elf.dir/Drivers/STM32H7xx_HAL_Driver/Src/stm32h7xx_hal_uart_ex.c.obj

.debug_str      0x00000000   0x1909bf
 .debug_str     0x00000000   0x189b3c CMakeFiles/h7-single-cmake_CM7.elf.dir/CM7/Core/Src/fdcan.c.obj
                             0x18a0bc (size before relaxing)
 .debug_str     0x00189b3c       0x4b CMakeFiles/h7-single-cmake_CM7.elf.dir/CM7/Core/Src/gpio.c.obj
                             0x187927 (size before relaxing)
 .debug_str     0x00189b87      0xbea CMakeFiles/h7-single-cmake_CM7.elf.dir/CM7/Core/Src/main.c.obj
                             0x18987e (size before relaxing)
 .debug_str     0x0018a771       0x75 CMakeFiles/h7-single-cmake_CM7.elf.dir/CM7/Core/Src/motor.c.obj
                             0x187ebd (size before relaxing)
 .debug_str     0x0018a7e6      0x10f CMakeFiles/h7-single-cmake_CM7.elf.dir/CM7/Core/Src/motor_control.c.obj
                             0x187b5a (size before relaxing)
 .debug_str     0x0018a8f5       0x83 CMakeFiles/h7-single-cmake_CM7.elf.dir/CM7/Core/Src/pid.c.obj
                             0x18783b (size before relaxing)
 .debug_str     0x0018a978       0x4b CMakeFiles/h7-single-cmake_CM7.elf.dir/CM7/Core/Src/stm32h7xx_hal_msp.c.obj
                             0x187927 (size before relaxing)
 .debug_str     0x0018a9c3      0x13c CMakeFiles/h7-single-cmake_CM7.elf.dir/CM7/Core/Src/stm32h7xx_it.c.obj
                             0x1882ec (size before relaxing)
 .debug_str     0x0018aaff      0x161 CMakeFiles/h7-single-cmake_CM7.elf.dir/CM7/Core/Src/tim.c.obj
                             0x188988 (size before relaxing)
 .debug_str     0x0018ac60       0xc7 CMakeFiles/h7-single-cmake_CM7.elf.dir/CM7/Core/Src/usart.c.obj
                             0x1883aa (size before relaxing)
 .debug_str     0x0018ad27       0x55 CMakeFiles/h7-single-cmake_CM7.elf.dir/CM7/Core/Startup/startup_stm32h755bitx.s.obj
                                 0x85 (size before relaxing)
 .debug_str     0x0018ad7c      0x3c9 CMakeFiles/h7-single-cmake_CM7.elf.dir/Common/Src/system_stm32h7xx_dualcore_boot_cm4_cm7.c.obj
                             0x187cde (size before relaxing)
 .debug_str     0x0018b145      0x38f CMakeFiles/h7-single-cmake_CM7.elf.dir/Drivers/STM32H7xx_HAL_Driver/Src/stm32h7xx_hal_cortex.c.obj
                             0x1885c0 (size before relaxing)
 .debug_str     0x0018b4d4      0x2ae CMakeFiles/h7-single-cmake_CM7.elf.dir/Drivers/STM32H7xx_HAL_Driver/Src/stm32h7xx_hal_rcc.c.obj
                             0x188004 (size before relaxing)
 .debug_str     0x0018b782      0x751 CMakeFiles/h7-single-cmake_CM7.elf.dir/Drivers/STM32H7xx_HAL_Driver/Src/stm32h7xx_hal_rcc_ex.c.obj
                             0x188539 (size before relaxing)
 .debug_str     0x0018bed3      0x173 CMakeFiles/h7-single-cmake_CM7.elf.dir/Drivers/STM32H7xx_HAL_Driver/Src/stm32h7xx_hal_gpio.c.obj
                             0x187c83 (size before relaxing)
 .debug_str     0x0018c046      0x6a1 CMakeFiles/h7-single-cmake_CM7.elf.dir/Drivers/STM32H7xx_HAL_Driver/Src/stm32h7xx_hal_pwr_ex.c.obj
                             0x18818e (size before relaxing)
 .debug_str     0x0018c6e7      0x82c CMakeFiles/h7-single-cmake_CM7.elf.dir/Drivers/STM32H7xx_HAL_Driver/Src/stm32h7xx_hal.c.obj
                             0x188d87 (size before relaxing)
 .debug_str     0x0018cf13     0x1a05 CMakeFiles/h7-single-cmake_CM7.elf.dir/Drivers/STM32H7xx_HAL_Driver/Src/stm32h7xx_hal_fdcan.c.obj
                             0x18995c (size before relaxing)
 .debug_str     0x0018e918      0xdec CMakeFiles/h7-single-cmake_CM7.elf.dir/Drivers/STM32H7xx_HAL_Driver/Src/stm32h7xx_hal_tim.c.obj
                             0x188d4a (size before relaxing)
 .debug_str     0x0018f704      0x5c8 CMakeFiles/h7-single-cmake_CM7.elf.dir/Drivers/STM32H7xx_HAL_Driver/Src/stm32h7xx_hal_tim_ex.c.obj
                             0x188667 (size before relaxing)
 .debug_str     0x0018fccc      0xa72 CMakeFiles/h7-single-cmake_CM7.elf.dir/Drivers/STM32H7xx_HAL_Driver/Src/stm32h7xx_hal_uart.c.obj
                             0x188b43 (size before relaxing)
 .debug_str     0x0019073e      0x281 CMakeFiles/h7-single-cmake_CM7.elf.dir/Drivers/STM32H7xx_HAL_Driver/Src/stm32h7xx_hal_uart_ex.c.obj
                             0x1880e7 (size before relaxing)

.comment        0x00000000       0x49
 .comment       0x00000000       0x49 CMakeFiles/h7-single-cmake_CM7.elf.dir/CM7/Core/Src/fdcan.c.obj
                                 0x4a (size before relaxing)
 .comment       0x00000049       0x4a CMakeFiles/h7-single-cmake_CM7.elf.dir/CM7/Core/Src/gpio.c.obj
 .comment       0x00000049       0x4a CMakeFiles/h7-single-cmake_CM7.elf.dir/CM7/Core/Src/main.c.obj
 .comment       0x00000049       0x4a CMakeFiles/h7-single-cmake_CM7.elf.dir/CM7/Core/Src/motor.c.obj
 .comment       0x00000049       0x4a CMakeFiles/h7-single-cmake_CM7.elf.dir/CM7/Core/Src/motor_control.c.obj
 .comment       0x00000049       0x4a CMakeFiles/h7-single-cmake_CM7.elf.dir/CM7/Core/Src/pid.c.obj
 .comment       0x00000049       0x4a CMakeFiles/h7-single-cmake_CM7.elf.dir/CM7/Core/Src/stm32h7xx_hal_msp.c.obj
 .comment       0x00000049       0x4a CMakeFiles/h7-single-cmake_CM7.elf.dir/CM7/Core/Src/stm32h7xx_it.c.obj
 .comment       0x00000049       0x4a CMakeFiles/h7-single-cmake_CM7.elf.dir/CM7/Core/Src/tim.c.obj
 .comment       0x00000049       0x4a CMakeFiles/h7-single-cmake_CM7.elf.dir/CM7/Core/Src/usart.c.obj
 .comment       0x00000049       0x4a CMakeFiles/h7-single-cmake_CM7.elf.dir/Common/Src/system_stm32h7xx_dualcore_boot_cm4_cm7.c.obj
 .comment       0x00000049       0x4a CMakeFiles/h7-single-cmake_CM7.elf.dir/Drivers/STM32H7xx_HAL_Driver/Src/stm32h7xx_hal_cortex.c.obj
 .comment       0x00000049       0x4a CMakeFiles/h7-single-cmake_CM7.elf.dir/Drivers/STM32H7xx_HAL_Driver/Src/stm32h7xx_hal_rcc.c.obj
 .comment       0x00000049       0x4a CMakeFiles/h7-single-cmake_CM7.elf.dir/Drivers/STM32H7xx_HAL_Driver/Src/stm32h7xx_hal_rcc_ex.c.obj
 .comment       0x00000049       0x4a CMakeFiles/h7-single-cmake_CM7.elf.dir/Drivers/STM32H7xx_HAL_Driver/Src/stm32h7xx_hal_gpio.c.obj
 .comment       0x00000049       0x4a CMakeFiles/h7-single-cmake_CM7.elf.dir/Drivers/STM32H7xx_HAL_Driver/Src/stm32h7xx_hal_pwr_ex.c.obj
 .comment       0x00000049       0x4a CMakeFiles/h7-single-cmake_CM7.elf.dir/Drivers/STM32H7xx_HAL_Driver/Src/stm32h7xx_hal.c.obj
 .comment       0x00000049       0x4a CMakeFiles/h7-single-cmake_CM7.elf.dir/Drivers/STM32H7xx_HAL_Driver/Src/stm32h7xx_hal_fdcan.c.obj
 .comment       0x00000049       0x4a CMakeFiles/h7-single-cmake_CM7.elf.dir/Drivers/STM32H7xx_HAL_Driver/Src/stm32h7xx_hal_tim.c.obj
 .comment       0x00000049       0x4a CMakeFiles/h7-single-cmake_CM7.elf.dir/Drivers/STM32H7xx_HAL_Driver/Src/stm32h7xx_hal_tim_ex.c.obj
 .comment       0x00000049       0x4a CMakeFiles/h7-single-cmake_CM7.elf.dir/Drivers/STM32H7xx_HAL_Driver/Src/stm32h7xx_hal_uart.c.obj
 .comment       0x00000049       0x4a CMakeFiles/h7-single-cmake_CM7.elf.dir/Drivers/STM32H7xx_HAL_Driver/Src/stm32h7xx_hal_uart_ex.c.obj

.debug_frame    0x00000000     0x3508
 .debug_frame   0x00000000      0x120 CMakeFiles/h7-single-cmake_CM7.elf.dir/CM7/Core/Src/fdcan.c.obj
 .debug_frame   0x00000120       0x28 CMakeFiles/h7-single-cmake_CM7.elf.dir/CM7/Core/Src/gpio.c.obj
 .debug_frame   0x00000148       0x8c CMakeFiles/h7-single-cmake_CM7.elf.dir/CM7/Core/Src/main.c.obj
 .debug_frame   0x000001d4       0x44 CMakeFiles/h7-single-cmake_CM7.elf.dir/CM7/Core/Src/motor.c.obj
 .debug_frame   0x00000218       0x94 CMakeFiles/h7-single-cmake_CM7.elf.dir/CM7/Core/Src/motor_control.c.obj
 .debug_frame   0x000002ac       0x70 CMakeFiles/h7-single-cmake_CM7.elf.dir/CM7/Core/Src/pid.c.obj
 .debug_frame   0x0000031c       0x28 CMakeFiles/h7-single-cmake_CM7.elf.dir/CM7/Core/Src/stm32h7xx_hal_msp.c.obj
 .debug_frame   0x00000344       0xf0 CMakeFiles/h7-single-cmake_CM7.elf.dir/CM7/Core/Src/stm32h7xx_it.c.obj
 .debug_frame   0x00000434       0x64 CMakeFiles/h7-single-cmake_CM7.elf.dir/CM7/Core/Src/tim.c.obj
 .debug_frame   0x00000498       0x64 CMakeFiles/h7-single-cmake_CM7.elf.dir/CM7/Core/Src/usart.c.obj
 .debug_frame   0x000004fc       0x3c CMakeFiles/h7-single-cmake_CM7.elf.dir/Common/Src/system_stm32h7xx_dualcore_boot_cm4_cm7.c.obj
 .debug_frame   0x00000538      0x158 CMakeFiles/h7-single-cmake_CM7.elf.dir/Drivers/STM32H7xx_HAL_Driver/Src/stm32h7xx_hal_cortex.c.obj
 .debug_frame   0x00000690      0x18c CMakeFiles/h7-single-cmake_CM7.elf.dir/Drivers/STM32H7xx_HAL_Driver/Src/stm32h7xx_hal_rcc.c.obj
 .debug_frame   0x0000081c      0x27c CMakeFiles/h7-single-cmake_CM7.elf.dir/Drivers/STM32H7xx_HAL_Driver/Src/stm32h7xx_hal_rcc_ex.c.obj
 .debug_frame   0x00000a98       0xd4 CMakeFiles/h7-single-cmake_CM7.elf.dir/Drivers/STM32H7xx_HAL_Driver/Src/stm32h7xx_hal_gpio.c.obj
 .debug_frame   0x00000b6c      0x324 CMakeFiles/h7-single-cmake_CM7.elf.dir/Drivers/STM32H7xx_HAL_Driver/Src/stm32h7xx_hal_pwr_ex.c.obj
 .debug_frame   0x00000e90      0x438 CMakeFiles/h7-single-cmake_CM7.elf.dir/Drivers/STM32H7xx_HAL_Driver/Src/stm32h7xx_hal.c.obj
 .debug_frame   0x000012c8      0x7b4 CMakeFiles/h7-single-cmake_CM7.elf.dir/Drivers/STM32H7xx_HAL_Driver/Src/stm32h7xx_hal_fdcan.c.obj